Archive member included to satisfy reference by file (symbol)

c:/devkitpro/devkit68k/bin/../lib/gcc/m68k-elf/5.2.0/m68000\libgcc.a(_mulsi3.o)
                              f_text.o (__mulsi3)
c:/devkitpro/devkit68k/bin/../lib/gcc/m68k-elf/5.2.0/m68000\libgcc.a(_udivsi3.o)
                              printf.o (__udivsi3)
c:/devkitpro/devkit68k/bin/../lib/gcc/m68k-elf/5.2.0/m68000\libgcc.a(_divsi3.o)
                              f_text.o (__divsi3)
c:/devkitpro/devkit68k/bin/../lib/gcc/m68k-elf/5.2.0/m68000\libgcc.a(_umodsi3.o)
                              printf.o (__umodsi3)

Allocating common symbols
Common symbol       size              file

oldHBlank           0x4               f_text.o
chelsiePos          0x4               main.o
inVblank            0x4               main.o
textHeight          0x1               f_text.o
attribs             0x1               f_text.o
chelsieFrame        0x4               main.o
textWidth           0x1               f_text.o
oldVBlank           0x4               f_text.o
chelsieTimer        0x4               main.o
cursorPos           0x4               f_text.o

Memory Configuration

Name             Origin             Length             Attributes
rom              0x00000000         0x00020000         xr
ram              0x01000000         0x00001000         xw
*default*        0x00000000         0xffffffff

Linker script and memory map

                0x00000000                __DYNAMIC = 0x0
                0x06000000                PROVIDE (__stack, 0x6000000)

.text           0x00000000     0x9348
 *(.text .text.*)
 .text          0x00000000      0x140 crt0.o
 .text          0x00000140        0x0 font.o
 .text          0x00000140        0x0 chelsie.o
 .text          0x00000140        0x0 hdma.o
 .text          0x00000140      0x1e2 main.o
                0x00000140                UpdateChelsie
                0x000001b0                Logo
                0x000001de                SetupChelsie
                0x00000232                TriggerTest
                0x00000256                HideChelsie
                0x0000025e                ExHandler
                0x00000286                AddressHandler
                0x000002ae                InstructionHandler
                0x000002d6                ZeroHandler
                0x000002fe                VBlankHandler
                0x00000310                TriggerLineHandler
 .text.startup  0x00000322      0x2ac main.o
                0x00000322                main
 *fill*         0x000005ce        0x2 
 .text          0x000005d0      0x32a f_text.o
                0x000005d0                SetCursor
                0x000005f4                SetTextColor
                0x00000608                Format
                0x00000626                SetBold
                0x00000640                ClearScreen
                0x00000692                dpf
                0x00000708                ScrollIfNeeded
                0x000007e6                WriteChar
                0x0000089c                Write
 *fill*         0x000008fa        0x2 
 .text          0x000008fc      0x5f2 f_draw.o
                0x000008fc                ResetPalette
                0x00000916                DrawChar
                0x0000092a                DrawString
                0x00000966                DisplayPicture
                0x00000a84                FadeToBlack
                0x00000aa6                FadeFromBlack
                0x00000aca                FadeToWhite
                0x00000b42                FadeFromWhite
                0x00000bba                DrawFormat
                0x00000c12                DrawChar4_320
                0x00000d28                DrawChar4_640
                0x00000e3e                DrawChar8_320
                0x00000e96                DrawChar8_640
 *fill*         0x00000eee        0x2 
 .text          0x00000ef0      0x21e f_misc.o
                0x00000ef0                SetTextMode
                0x00000f26                SetBitmapMode16
                0x00000f76                SetBitmapMode256
                0x00000fc6                WaitForVBlank
                0x00000fe0                WaitForVBlanks
                0x00000ffc                DmaCopy
                0x00001026                DmaClear
                0x00001050                MidiReset
                0x00001074                RleUnpack
                0x000010f4                EnableSprites
 *fill*         0x0000110e        0x2 
 .text          0x00001110      0x26e f_disk.o
                0x00001110                FilePosition
                0x0000111a                FileEnd
                0x00001130                FileSize
                0x0000113a                FileTouch
                0x0000113e                FileErrStr
                0x0000115a                CloseFile
                0x00001160                ReadFile
                0x0000118e                WriteFile
                0x000011bc                SeekFile
                0x000011fa                TruncateFile
                0x00001200                FlushFile
                0x00001206                CloseDir
                0x0000120c                ReadDir
                0x00001212                FindNext
                0x00001218                GetLabel
                0x00001230                MountIfNeeded
                0x00001254                OpenFile
                0x00001282                OpenDir
                0x000012a4                FindFirst
                0x000012d6                FileStat
                0x000012f8                UnlinkFile
                0x0000130e                RenameFile
                0x00001330                MakeDir
                0x00001346                ChangeDir
                0x0000135c                GetCurrentDir
 *fill*         0x0000137e        0x2 
 .text          0x00001380      0x356 ../ass-rt.o
                0x00001380                strcpy_s
                0x000013c6                strcat_s
                0x0000142a                strnlen_s
                0x0000144a                strkitten_s
                0x00001494                memcpy
                0x000014b2                memset
                0x000014ca                memcmp
                0x000014fc                sbrk
                0x00001534                brk
                0x00001544                malloc_find_free_block
                0x0000156e                malloc_request_space
                0x000015b0                malloc
                0x00001632                malloc_get_block_ptr
                0x0000163a                free
                0x0000164c                realloc
                0x000016a2                calloc
 *fill*         0x000016d6        0x2 
 .text          0x000016d8      0x4b2 printf.o
                0x0000187a                strnlen
                0x0000189c                vsprintf
                0x00001b6e                sprintf
 *fill*         0x00001b8a        0x2 
 .text          0x00001b8c     0x2a0a ff.o
                0x00002ec4                f_mount
                0x00002f32                f_open
                0x000031b4                f_read
                0x000033a8                f_write
                0x000035d6                f_sync
                0x000036c0                f_close
                0x000036f0                f_chdir
                0x00003770                f_getcwd
                0x000038f8                f_lseek
                0x00003ada                f_opendir
                0x00003b7a                f_closedir
                0x00003b9e                f_readdir
                0x00003c14                f_findnext
                0x00003c60                f_findfirst
                0x00003c96                f_stat
                0x00003d02                f_getfree
                0x00003e14                f_truncate
                0x00003f0c                f_unlink
                0x0000400e                f_mkdir
                0x0000419c                f_rename
                0x0000432e                f_getlabel
                0x00004406                f_setlabel
 *fill*         0x00004596        0x2 
 .text          0x00004598       0xf6 diskio.o
                0x00004598                disk_read
                0x000045fc                disk_write
                0x0000464c                disk_ioctl
 *fill*         0x0000468e        0x2 
 .text          0x00004690       0x22 c:/devkitpro/devkit68k/bin/../lib/gcc/m68k-elf/5.2.0/m68000\libgcc.a(_mulsi3.o)
                0x00004690                __mulsi3
 *fill*         0x000046b2        0x2 
 .text          0x000046b4       0x5c c:/devkitpro/devkit68k/bin/../lib/gcc/m68k-elf/5.2.0/m68000\libgcc.a(_udivsi3.o)
                0x000046b4                __udivsi3
 .text          0x00004710       0x2e c:/devkitpro/devkit68k/bin/../lib/gcc/m68k-elf/5.2.0/m68000\libgcc.a(_divsi3.o)
                0x00004710                __divsi3
 *fill*         0x0000473e        0x2 
 .text          0x00004740       0x2e c:/devkitpro/devkit68k/bin/../lib/gcc/m68k-elf/5.2.0/m68000\libgcc.a(_umodsi3.o)
                0x00004740                __umodsi3
                0x00004770                . = ALIGN (0x4)
 *fill*         0x0000476e        0x2 
 *(.rodata .rodata.*)
 .rodata        0x00004770     0x3000 font.o
                0x00004770                fontTiles
 .rodata        0x00007770     0x1000 chelsie.o
                0x00007770                chelsieTiles
 .rodata        0x00008770      0x1e0 hdma.o
                0x00008770                hdma1
 .rodata.str1.1
                0x00008950       0x9b main.o
                                 0xa5 (size before relaxing)
 *fill*         0x000089eb        0x1 
 .rodata        0x000089ec      0x142 main.o
                0x000089ec                logo
 .rodata        0x00008b2e      0x41c f_text.o
                0x00008f2e                textLibrary
 .rodata        0x00008f4a       0x44 f_draw.o
                0x00008f6a                drawingLibrary
 .rodata        0x00008f8e       0x28 f_misc.o
                0x00008f8e                miscLibrary
 .rodata.str1.1
                0x00008fb6      0x1fe f_disk.o
                                0x1ff (size before relaxing)
 .rodata        0x000091b4       0xb0 f_disk.o
                0x00009204                diskLibrary
 .rodata.str1.1
                0x00009264       0x2b printf.o
 .rodata.str1.1
                0x0000928f       0x19 ff.o
 .rodata        0x000092a8       0x90 ff.o
 *(.gcc_except_table)
                0x00009338                . = ALIGN (0x2)
                0x00009338                __INIT_SECTION__ = .
                0x00009338        0x4 LONG 0x4e560000
 *(.init)
                0x0000933c        0x2 SHORT 0x4e5e
                0x0000933e        0x2 SHORT 0x4e75
                0x00009340                __FINI_SECTION__ = .
                0x00009340        0x4 LONG 0x4e560000
 *(.fini)
                0x00009344        0x2 SHORT 0x4e5e
                0x00009346        0x2 SHORT 0x4e75
                0x00009348                _etext = .
 *(.lit)
                0x00009348                _stext = SIZEOF (.text)

.data           0x01000000       0x2c load address 0x00009348
 *(.got.plt)
 *(.got)
 *(.shdata)
 *(.data .data.*)
 .data          0x01000000       0x28 crt0.o
                0x01000000                interface
 .data          0x01000028        0x0 font.o
 .data          0x01000028        0x0 chelsie.o
 .data          0x01000028        0x0 hdma.o
 .data          0x01000028        0x0 main.o
 .data          0x01000028        0x0 f_text.o
 .data          0x01000028        0x0 f_draw.o
 .data          0x01000028        0x0 f_misc.o
 .data          0x01000028        0x0 f_disk.o
 .data          0x01000028        0x4 ../ass-rt.o
                0x01000028                heap
 .data          0x0100002c        0x0 printf.o
 .data          0x0100002c        0x0 ff.o
 .data          0x0100002c        0x0 diskio.o
 .data          0x0100002c        0x0 c:/devkitpro/devkit68k/bin/../lib/gcc/m68k-elf/5.2.0/m68000\libgcc.a(_mulsi3.o)
 .data          0x0100002c        0x0 c:/devkitpro/devkit68k/bin/../lib/gcc/m68k-elf/5.2.0/m68000\libgcc.a(_udivsi3.o)
 .data          0x0100002c        0x0 c:/devkitpro/devkit68k/bin/../lib/gcc/m68k-elf/5.2.0/m68000\libgcc.a(_divsi3.o)
 .data          0x0100002c        0x0 c:/devkitpro/devkit68k/bin/../lib/gcc/m68k-elf/5.2.0/m68000\libgcc.a(_umodsi3.o)
                0x0100002c                _edata = .
                0x0000002c                _sdata = SIZEOF (.data)

.bss            0x0100002c      0x260 load address 0x00009374
                0x0100002c                . = ALIGN (0x4)
                0x0100002c                __bss_start = .
 *(.shbss)
 *(.bss .bss.*)
 .bss           0x0100002c        0x0 crt0.o
 .bss           0x0100002c        0x0 font.o
 .bss           0x0100002c        0x0 chelsie.o
 .bss           0x0100002c        0x0 hdma.o
 .bss           0x0100002c        0x0 main.o
 .bss           0x0100002c        0x0 f_text.o
 .bss           0x0100002c        0x0 f_draw.o
 .bss           0x0100002c        0x0 f_misc.o
 .bss           0x0100002c      0x234 f_disk.o
                0x0100002c                FatFs
 .bss           0x01000260        0x4 ../ass-rt.o
                0x01000260                malloc_global_base
 .bss           0x01000264        0x0 printf.o
 .bss           0x01000264        0x6 ff.o
 *fill*         0x0100026a        0x2 
 .bss           0x0100026c        0x0 diskio.o
 .bss           0x0100026c        0x0 c:/devkitpro/devkit68k/bin/../lib/gcc/m68k-elf/5.2.0/m68000\libgcc.a(_mulsi3.o)
 .bss           0x0100026c        0x0 c:/devkitpro/devkit68k/bin/../lib/gcc/m68k-elf/5.2.0/m68000\libgcc.a(_udivsi3.o)
 .bss           0x0100026c        0x0 c:/devkitpro/devkit68k/bin/../lib/gcc/m68k-elf/5.2.0/m68000\libgcc.a(_divsi3.o)
 .bss           0x0100026c        0x0 c:/devkitpro/devkit68k/bin/../lib/gcc/m68k-elf/5.2.0/m68000\libgcc.a(_umodsi3.o)
 *(COMMON)
 COMMON         0x0100026c       0x10 main.o
                0x0100026c                chelsiePos
                0x01000270                inVblank
                0x01000274                chelsieFrame
                0x01000278                chelsieTimer
 COMMON         0x0100027c       0x10 f_text.o
                0x0100027c                oldHBlank
                0x01000280                textHeight
                0x01000281                attribs
                0x01000282                textWidth
                0x01000284                oldVBlank
                0x01000288                cursorPos
                0x01000290                _end = ALIGN (0x8)
                0x01000290                __end = _end
                0x01000290                end = _end
                0x02000000                PROVIDE (__HEAP_START, 0x2000000)

.stab
 *(.stab)

.stabstr
 *(.stabstr)

.eh_frame
 *(.eh_frame)
LOAD crt0.o
LOAD font.o
LOAD chelsie.o
LOAD hdma.o
LOAD main.o
LOAD f_text.o
LOAD f_draw.o
LOAD f_misc.o
LOAD f_disk.o
LOAD ../ass-rt.o
LOAD printf.o
LOAD ff.o
LOAD diskio.o
LOAD c:/devkitpro/devkit68k/bin/../lib/gcc/m68k-elf/5.2.0/m68000\libgcc.a
LOAD c:/devkitpro/devkit68k/bin/../lib/gcc/m68k-elf/5.2.0/../../../../m68k-elf/lib/m68000\libc.a
LOAD c:/devkitpro/devkit68k/bin/../lib/gcc/m68k-elf/5.2.0/m68000\libgcc.a
OUTPUT(ass-bios.elf elf32-m68k)

.comment        0x00000000       0x2b
 .comment       0x00000000       0x2b main.o
                                 0x2c (size before relaxing)
 .comment       0x0000002b       0x2c f_text.o
 .comment       0x0000002b       0x2c f_draw.o
 .comment       0x0000002b       0x2c f_misc.o
 .comment       0x0000002b       0x2c f_disk.o
 .comment       0x0000002b       0x2c ../ass-rt.o
 .comment       0x0000002b       0x2c printf.o
 .comment       0x0000002b       0x2c ff.o
 .comment       0x0000002b       0x2c diskio.o

.debug_line     0x00000000      0x201
 .debug_line    0x00000000       0x77 c:/devkitpro/devkit68k/bin/../lib/gcc/m68k-elf/5.2.0/m68000\libgcc.a(_mulsi3.o)
 .debug_line    0x00000077       0x90 c:/devkitpro/devkit68k/bin/../lib/gcc/m68k-elf/5.2.0/m68000\libgcc.a(_udivsi3.o)
 .debug_line    0x00000107       0x7f c:/devkitpro/devkit68k/bin/../lib/gcc/m68k-elf/5.2.0/m68000\libgcc.a(_divsi3.o)
 .debug_line    0x00000186       0x7b c:/devkitpro/devkit68k/bin/../lib/gcc/m68k-elf/5.2.0/m68000\libgcc.a(_umodsi3.o)

.debug_info     0x00000000      0x2b8
 .debug_info    0x00000000       0xae c:/devkitpro/devkit68k/bin/../lib/gcc/m68k-elf/5.2.0/m68000\libgcc.a(_mulsi3.o)
 .debug_info    0x000000ae       0xae c:/devkitpro/devkit68k/bin/../lib/gcc/m68k-elf/5.2.0/m68000\libgcc.a(_udivsi3.o)
 .debug_info    0x0000015c       0xae c:/devkitpro/devkit68k/bin/../lib/gcc/m68k-elf/5.2.0/m68000\libgcc.a(_divsi3.o)
 .debug_info    0x0000020a       0xae c:/devkitpro/devkit68k/bin/../lib/gcc/m68k-elf/5.2.0/m68000\libgcc.a(_umodsi3.o)

.debug_abbrev   0x00000000       0x50
 .debug_abbrev  0x00000000       0x14 c:/devkitpro/devkit68k/bin/../lib/gcc/m68k-elf/5.2.0/m68000\libgcc.a(_mulsi3.o)
 .debug_abbrev  0x00000014       0x14 c:/devkitpro/devkit68k/bin/../lib/gcc/m68k-elf/5.2.0/m68000\libgcc.a(_udivsi3.o)
 .debug_abbrev  0x00000028       0x14 c:/devkitpro/devkit68k/bin/../lib/gcc/m68k-elf/5.2.0/m68000\libgcc.a(_divsi3.o)
 .debug_abbrev  0x0000003c       0x14 c:/devkitpro/devkit68k/bin/../lib/gcc/m68k-elf/5.2.0/m68000\libgcc.a(_umodsi3.o)

.debug_aranges  0x00000000       0x80
 .debug_aranges
                0x00000000       0x20 c:/devkitpro/devkit68k/bin/../lib/gcc/m68k-elf/5.2.0/m68000\libgcc.a(_mulsi3.o)
 .debug_aranges
                0x00000020       0x20 c:/devkitpro/devkit68k/bin/../lib/gcc/m68k-elf/5.2.0/m68000\libgcc.a(_udivsi3.o)
 .debug_aranges
                0x00000040       0x20 c:/devkitpro/devkit68k/bin/../lib/gcc/m68k-elf/5.2.0/m68000\libgcc.a(_divsi3.o)
 .debug_aranges
                0x00000060       0x20 c:/devkitpro/devkit68k/bin/../lib/gcc/m68k-elf/5.2.0/m68000\libgcc.a(_umodsi3.o)
