Archive member included to satisfy reference by file (symbol)

c:/devkitpro/devkit68k/bin/../lib/gcc/m68k-elf/5.2.0/m68000\libgcc.a(_mulsi3.o)
                              f_text.o (__mulsi3)
c:/devkitpro/devkit68k/bin/../lib/gcc/m68k-elf/5.2.0/m68000\libgcc.a(_udivsi3.o)
                              printf.o (__udivsi3)
c:/devkitpro/devkit68k/bin/../lib/gcc/m68k-elf/5.2.0/m68000\libgcc.a(_divsi3.o)
                              f_text.o (__divsi3)
c:/devkitpro/devkit68k/bin/../lib/gcc/m68k-elf/5.2.0/m68000\libgcc.a(_umodsi3.o)
                              printf.o (__umodsi3)

Allocating common symbols
Common symbol       size              file

oldHBlank           0x4               f_text.o
inVblank            0x4               main.o
textHeight          0x1               f_text.o
attribs             0x1               f_text.o
textWidth           0x1               f_text.o
oldVBlank           0x4               f_text.o
cursorPos           0x4               f_text.o

Memory Configuration

Name             Origin             Length             Attributes
rom              0x00000000         0x00020000         xr
ram              0x01000000         0x00001000         xw
*default*        0x00000000         0xffffffff

Linker script and memory map

                0x00000000                __DYNAMIC = 0x0
                0x06000000                PROVIDE (__stack, 0x6000000)

.text           0x00000000     0xe73e
 *(.text .text.*)
 .text          0x00000000      0x140 crt0.o
 .text          0x00000140        0x0 font.o
 .text          0x00000140     0x66ca splash.o
                0x00000140                splashData
 *fill*         0x0000680a        0x2 
 .text          0x0000680c        0x0 hdma.o
 .text          0x0000680c      0x13a main.o
                0x0000680c                Display
                0x0000687c                ExHandler
                0x000068a4                AddressHandler
                0x000068cc                InstructionHandler
                0x000068f4                ZeroHandler
                0x0000691c                NMIHandler
 .text.startup  0x00006946      0x218 main.o
                0x00006946                main
 *fill*         0x00006b5e        0x2 
 .text          0x00006b60      0x320 f_text.o
                0x00006b60                SetCursor
                0x00006b84                SetTextColor
                0x00006b98                Format
                0x00006bb6                SetBold
                0x00006bd0                ClearScreen
                0x00006c22                dpf
                0x00006c90                ScrollIfNeeded
                0x00006d6e                WriteChar
                0x00006e24                Write
 .text          0x00006e80      0x60c f_draw.o
                0x00006e80                ResetPalette
                0x00006e9a                DrawChar
                0x00006eae                DisplayPicture
                0x00006fc4                FadeToBlack
                0x00006fe8                FadeFromBlack
                0x0000700c                FadeToWhite
                0x00007084                FadeFromWhite
                0x000070fc                DrawString
                0x00007148                DrawFormat
                0x000071b0                DrawChar4_320
                0x000072c6                DrawChar4_640
                0x000073dc                DrawChar8_320
                0x00007434                DrawChar8_640
 .text          0x0000748c      0x1b0 f_misc.o
                0x0000748c                SetTextMode
                0x000074c2                SetBitmapMode16
                0x00007512                SetBitmapMode256
                0x00007552                WaitForVBlank
                0x00007564                WaitForVBlanks
                0x00007580                DmaCopy
                0x000075aa                DmaClear
                0x000075d4                MidiReset
                0x000075f8                RleUnpack
                0x00007622                EnableSprites
 .text          0x0000763c      0x26e f_disk.o
                0x0000763c                FilePosition
                0x00007646                FileEnd
                0x0000765c                FileSize
                0x00007666                FileTouch
                0x0000766a                FileErrStr
                0x00007686                CloseFile
                0x0000768c                ReadFile
                0x000076ba                WriteFile
                0x000076e8                SeekFile
                0x00007726                TruncateFile
                0x0000772c                FlushFile
                0x00007732                CloseDir
                0x00007738                ReadDir
                0x0000773e                FindNext
                0x00007744                GetLabel
                0x0000775c                MountIfNeeded
                0x00007780                OpenFile
                0x000077ae                OpenDir
                0x000077d0                FindFirst
                0x00007802                FileStat
                0x00007824                UnlinkFile
                0x0000783a                RenameFile
                0x0000785c                MakeDir
                0x00007872                ChangeDir
                0x00007888                GetCurrentDir
 *fill*         0x000078aa        0x2 
 .text          0x000078ac      0x356 ../ass-rt.o
                0x000078ac                strcpy_s
                0x000078f2                strcat_s
                0x00007956                strnlen_s
                0x00007976                strkitten_s
                0x000079c0                memcpy
                0x000079de                memset
                0x000079f6                memcmp
                0x00007a28                sbrk
                0x00007a60                brk
                0x00007a70                malloc_find_free_block
                0x00007a9a                malloc_request_space
                0x00007adc                malloc
                0x00007b5e                malloc_get_block_ptr
                0x00007b66                free
                0x00007b78                realloc
                0x00007bce                calloc
 *fill*         0x00007c02        0x2 
 .text          0x00007c04      0x4b2 printf.o
                0x00007da6                strnlen
                0x00007dc8                vsprintf
                0x0000809a                sprintf
 *fill*         0x000080b6        0x2 
 .text          0x000080b8     0x2a0a ff.o
                0x000093f0                f_mount
                0x0000945e                f_open
                0x000096e0                f_read
                0x000098d4                f_write
                0x00009b02                f_sync
                0x00009bec                f_close
                0x00009c1c                f_chdir
                0x00009c9c                f_getcwd
                0x00009e24                f_lseek
                0x0000a006                f_opendir
                0x0000a0a6                f_closedir
                0x0000a0ca                f_readdir
                0x0000a140                f_findnext
                0x0000a18c                f_findfirst
                0x0000a1c2                f_stat
                0x0000a22e                f_getfree
                0x0000a340                f_truncate
                0x0000a438                f_unlink
                0x0000a53a                f_mkdir
                0x0000a6c8                f_rename
                0x0000a85a                f_getlabel
                0x0000a932                f_setlabel
 *fill*         0x0000aac2        0x2 
 .text          0x0000aac4       0xf6 diskio.o
                0x0000aac4                disk_read
                0x0000ab28                disk_write
                0x0000ab78                disk_ioctl
 *fill*         0x0000abba        0x2 
 .text          0x0000abbc       0x22 c:/devkitpro/devkit68k/bin/../lib/gcc/m68k-elf/5.2.0/m68000\libgcc.a(_mulsi3.o)
                0x0000abbc                __mulsi3
 *fill*         0x0000abde        0x2 
 .text          0x0000abe0       0x5c c:/devkitpro/devkit68k/bin/../lib/gcc/m68k-elf/5.2.0/m68000\libgcc.a(_udivsi3.o)
                0x0000abe0                __udivsi3
 .text          0x0000ac3c       0x2e c:/devkitpro/devkit68k/bin/../lib/gcc/m68k-elf/5.2.0/m68000\libgcc.a(_divsi3.o)
                0x0000ac3c                __divsi3
 *fill*         0x0000ac6a        0x2 
 .text          0x0000ac6c       0x2e c:/devkitpro/devkit68k/bin/../lib/gcc/m68k-elf/5.2.0/m68000\libgcc.a(_umodsi3.o)
                0x0000ac6c                __umodsi3
                0x0000ac9c                . = ALIGN (0x4)
 *fill*         0x0000ac9a        0x2 
 *(.rodata .rodata.*)
 .rodata        0x0000ac9c     0x3000 font.o
                0x0000ac9c                fontTiles
 .rodata        0x0000dc9c      0x1e0 hdma.o
                0x0000dc9c                hdma1
 .rodata.str1.1
                0x0000de7c       0xa7 main.o
                                 0xb1 (size before relaxing)
 *fill*         0x0000df23        0x1 
 .rodata        0x0000df24      0x41c f_text.o
                0x0000e324                textLibrary
 .rodata        0x0000e340       0x44 f_draw.o
                0x0000e360                drawingLibrary
 .rodata        0x0000e384       0x28 f_misc.o
                0x0000e384                miscLibrary
 .rodata.str1.1
                0x0000e3ac      0x1fe f_disk.o
                                0x1ff (size before relaxing)
 .rodata        0x0000e5aa       0xb0 f_disk.o
                0x0000e5fa                diskLibrary
 .rodata.str1.1
                0x0000e65a       0x2b printf.o
 .rodata.str1.1
                0x0000e685       0x19 ff.o
 .rodata        0x0000e69e       0x90 ff.o
 *(.gcc_except_table)
                0x0000e72e                . = ALIGN (0x2)
                0x0000e72e                __INIT_SECTION__ = .
                0x0000e72e        0x4 LONG 0x4e560000
 *(.init)
                0x0000e732        0x2 SHORT 0x4e5e
                0x0000e734        0x2 SHORT 0x4e75
                0x0000e736                __FINI_SECTION__ = .
                0x0000e736        0x4 LONG 0x4e560000
 *(.fini)
                0x0000e73a        0x2 SHORT 0x4e5e
                0x0000e73c        0x2 SHORT 0x4e75
                0x0000e73e                _etext = .
 *(.lit)
                0x0000e73e                _stext = SIZEOF (.text)

.data           0x01000000       0x2c load address 0x0000e73e
 *(.got.plt)
 *(.got)
 *(.shdata)
 *(.data .data.*)
 .data          0x01000000       0x28 crt0.o
                0x01000000                interface
 .data          0x01000028        0x0 font.o
 .data          0x01000028        0x0 splash.o
 .data          0x01000028        0x0 hdma.o
 .data          0x01000028        0x0 main.o
 .data          0x01000028        0x0 f_text.o
 .data          0x01000028        0x0 f_draw.o
 .data          0x01000028        0x0 f_misc.o
 .data          0x01000028        0x0 f_disk.o
 .data          0x01000028        0x4 ../ass-rt.o
                0x01000028                heap
 .data          0x0100002c        0x0 printf.o
 .data          0x0100002c        0x0 ff.o
 .data          0x0100002c        0x0 diskio.o
 .data          0x0100002c        0x0 c:/devkitpro/devkit68k/bin/../lib/gcc/m68k-elf/5.2.0/m68000\libgcc.a(_mulsi3.o)
 .data          0x0100002c        0x0 c:/devkitpro/devkit68k/bin/../lib/gcc/m68k-elf/5.2.0/m68000\libgcc.a(_udivsi3.o)
 .data          0x0100002c        0x0 c:/devkitpro/devkit68k/bin/../lib/gcc/m68k-elf/5.2.0/m68000\libgcc.a(_divsi3.o)
 .data          0x0100002c        0x0 c:/devkitpro/devkit68k/bin/../lib/gcc/m68k-elf/5.2.0/m68000\libgcc.a(_umodsi3.o)
                0x0100002c                _edata = .
                0x0000002c                _sdata = SIZEOF (.data)

.bss            0x0100002c      0x254 load address 0x0000e76a
                0x0100002c                . = ALIGN (0x4)
                0x0100002c                __bss_start = .
 *(.shbss)
 *(.bss .bss.*)
 .bss           0x0100002c        0x0 crt0.o
 .bss           0x0100002c        0x0 font.o
 .bss           0x0100002c        0x0 splash.o
 .bss           0x0100002c        0x0 hdma.o
 .bss           0x0100002c        0x0 main.o
 .bss           0x0100002c        0x0 f_text.o
 .bss           0x0100002c        0x0 f_draw.o
 .bss           0x0100002c        0x0 f_misc.o
 .bss           0x0100002c      0x234 f_disk.o
                0x0100002c                FatFs
 .bss           0x01000260        0x4 ../ass-rt.o
                0x01000260                malloc_global_base
 .bss           0x01000264        0x0 printf.o
 .bss           0x01000264        0x6 ff.o
 *fill*         0x0100026a        0x2 
 .bss           0x0100026c        0x0 diskio.o
 .bss           0x0100026c        0x0 c:/devkitpro/devkit68k/bin/../lib/gcc/m68k-elf/5.2.0/m68000\libgcc.a(_mulsi3.o)
 .bss           0x0100026c        0x0 c:/devkitpro/devkit68k/bin/../lib/gcc/m68k-elf/5.2.0/m68000\libgcc.a(_udivsi3.o)
 .bss           0x0100026c        0x0 c:/devkitpro/devkit68k/bin/../lib/gcc/m68k-elf/5.2.0/m68000\libgcc.a(_divsi3.o)
 .bss           0x0100026c        0x0 c:/devkitpro/devkit68k/bin/../lib/gcc/m68k-elf/5.2.0/m68000\libgcc.a(_umodsi3.o)
 *(COMMON)
 COMMON         0x0100026c        0x4 main.o
                0x0100026c                inVblank
 COMMON         0x01000270       0x10 f_text.o
                0x01000270                oldHBlank
                0x01000274                textHeight
                0x01000275                attribs
                0x01000276                textWidth
                0x01000278                oldVBlank
                0x0100027c                cursorPos
                0x01000280                _end = ALIGN (0x8)
                0x01000280                __end = _end
                0x01000280                end = _end
                0x02000000                PROVIDE (__HEAP_START, 0x2000000)

.stab
 *(.stab)

.stabstr
 *(.stabstr)

.eh_frame
 *(.eh_frame)
LOAD crt0.o
LOAD font.o
LOAD splash.o
LOAD hdma.o
LOAD main.o
LOAD f_text.o
LOAD f_draw.o
LOAD f_misc.o
LOAD f_disk.o
LOAD ../ass-rt.o
LOAD printf.o
LOAD ff.o
LOAD diskio.o
LOAD c:/devkitpro/devkit68k/bin/../lib/gcc/m68k-elf/5.2.0/m68000\libgcc.a
LOAD c:/devkitpro/devkit68k/bin/../lib/gcc/m68k-elf/5.2.0/../../../../m68k-elf/lib/m68000\libc.a
LOAD c:/devkitpro/devkit68k/bin/../lib/gcc/m68k-elf/5.2.0/m68000\libgcc.a
OUTPUT(ass-bios.elf elf32-m68k)

.comment        0x00000000       0x2b
 .comment       0x00000000       0x2b main.o
                                 0x2c (size before relaxing)
 .comment       0x0000002b       0x2c f_text.o
 .comment       0x0000002b       0x2c f_draw.o
 .comment       0x0000002b       0x2c f_misc.o
 .comment       0x0000002b       0x2c f_disk.o
 .comment       0x0000002b       0x2c ../ass-rt.o
 .comment       0x0000002b       0x2c printf.o
 .comment       0x0000002b       0x2c ff.o
 .comment       0x0000002b       0x2c diskio.o

.debug_line     0x00000000      0x201
 .debug_line    0x00000000       0x77 c:/devkitpro/devkit68k/bin/../lib/gcc/m68k-elf/5.2.0/m68000\libgcc.a(_mulsi3.o)
 .debug_line    0x00000077       0x90 c:/devkitpro/devkit68k/bin/../lib/gcc/m68k-elf/5.2.0/m68000\libgcc.a(_udivsi3.o)
 .debug_line    0x00000107       0x7f c:/devkitpro/devkit68k/bin/../lib/gcc/m68k-elf/5.2.0/m68000\libgcc.a(_divsi3.o)
 .debug_line    0x00000186       0x7b c:/devkitpro/devkit68k/bin/../lib/gcc/m68k-elf/5.2.0/m68000\libgcc.a(_umodsi3.o)

.debug_info     0x00000000      0x2b8
 .debug_info    0x00000000       0xae c:/devkitpro/devkit68k/bin/../lib/gcc/m68k-elf/5.2.0/m68000\libgcc.a(_mulsi3.o)
 .debug_info    0x000000ae       0xae c:/devkitpro/devkit68k/bin/../lib/gcc/m68k-elf/5.2.0/m68000\libgcc.a(_udivsi3.o)
 .debug_info    0x0000015c       0xae c:/devkitpro/devkit68k/bin/../lib/gcc/m68k-elf/5.2.0/m68000\libgcc.a(_divsi3.o)
 .debug_info    0x0000020a       0xae c:/devkitpro/devkit68k/bin/../lib/gcc/m68k-elf/5.2.0/m68000\libgcc.a(_umodsi3.o)

.debug_abbrev   0x00000000       0x50
 .debug_abbrev  0x00000000       0x14 c:/devkitpro/devkit68k/bin/../lib/gcc/m68k-elf/5.2.0/m68000\libgcc.a(_mulsi3.o)
 .debug_abbrev  0x00000014       0x14 c:/devkitpro/devkit68k/bin/../lib/gcc/m68k-elf/5.2.0/m68000\libgcc.a(_udivsi3.o)
 .debug_abbrev  0x00000028       0x14 c:/devkitpro/devkit68k/bin/../lib/gcc/m68k-elf/5.2.0/m68000\libgcc.a(_divsi3.o)
 .debug_abbrev  0x0000003c       0x14 c:/devkitpro/devkit68k/bin/../lib/gcc/m68k-elf/5.2.0/m68000\libgcc.a(_umodsi3.o)

.debug_aranges  0x00000000       0x80
 .debug_aranges
                0x00000000       0x20 c:/devkitpro/devkit68k/bin/../lib/gcc/m68k-elf/5.2.0/m68000\libgcc.a(_mulsi3.o)
 .debug_aranges
                0x00000020       0x20 c:/devkitpro/devkit68k/bin/../lib/gcc/m68k-elf/5.2.0/m68000\libgcc.a(_udivsi3.o)
 .debug_aranges
                0x00000040       0x20 c:/devkitpro/devkit68k/bin/../lib/gcc/m68k-elf/5.2.0/m68000\libgcc.a(_divsi3.o)
 .debug_aranges
                0x00000060       0x20 c:/devkitpro/devkit68k/bin/../lib/gcc/m68k-elf/5.2.0/m68000\libgcc.a(_umodsi3.o)
