Archive member included to satisfy reference by file (symbol)

c:/devkitpro/devkit68k/bin/../lib/gcc/m68k-elf/5.2.0/m68000\libgcc.a(_mulsi3.o)
                              f_text.o (__mulsi3)
c:/devkitpro/devkit68k/bin/../lib/gcc/m68k-elf/5.2.0/m68000\libgcc.a(_udivsi3.o)
                              printf.o (__udivsi3)
c:/devkitpro/devkit68k/bin/../lib/gcc/m68k-elf/5.2.0/m68000\libgcc.a(_divsi3.o)
                              f_text.o (__divsi3)
c:/devkitpro/devkit68k/bin/../lib/gcc/m68k-elf/5.2.0/m68000\libgcc.a(_umodsi3.o)
                              printf.o (__umodsi3)

Allocating common symbols
Common symbol       size              file

oldHBlank           0x4               f_text.o
chelsiePos          0x4               main.o
inVblank            0x4               main.o
textHeight          0x1               f_text.o
attribs             0x1               f_text.o
chelsieFrame        0x4               main.o
textWidth           0x1               f_text.o
oldVBlank           0x4               f_text.o
chelsieTimer        0x4               main.o
cursorPos           0x4               f_text.o

Memory Configuration

Name             Origin             Length             Attributes
rom              0x00000000         0x00020000         xr
ram              0x01000000         0x00001000         xw
*default*        0x00000000         0xffffffff

Linker script and memory map

                0x00000000                __DYNAMIC = 0x0
                0x06000000                PROVIDE (__stack, 0x6000000)

.text           0x00000000     0x9344
 *(.text .text.*)
 .text          0x00000000      0x140 crt0.o
 .text          0x00000140        0x0 font.o
 .text          0x00000140        0x0 chelsie.o
 .text          0x00000140        0x0 hdma.o
 .text          0x00000140      0x1e2 main.o
                0x00000140                UpdateChelsie
                0x000001b0                Logo
                0x000001de                SetupChelsie
                0x00000232                TriggerTest
                0x00000256                HideChelsie
                0x0000025e                ExHandler
                0x00000286                AddressHandler
                0x000002ae                InstructionHandler
                0x000002d6                ZeroHandler
                0x000002fe                VBlankHandler
                0x00000310                TriggerLineHandler
 .text.startup  0x00000322      0x2a4 main.o
                0x00000322                main
 *fill*         0x000005c6        0x2 
 .text          0x000005c8      0x32a f_text.o
                0x000005c8                SetCursor
                0x000005ec                SetTextColor
                0x00000600                Format
                0x0000061e                SetBold
                0x00000638                ClearScreen
                0x0000068a                dpf
                0x00000700                ScrollIfNeeded
                0x000007de                WriteChar
                0x00000894                Write
 *fill*         0x000008f2        0x2 
 .text          0x000008f4      0x5f2 f_draw.o
                0x000008f4                ResetPalette
                0x0000090e                DrawChar
                0x00000922                DrawString
                0x0000095e                DisplayPicture
                0x00000a7c                FadeToBlack
                0x00000a9e                FadeFromBlack
                0x00000ac2                FadeToWhite
                0x00000b3a                FadeFromWhite
                0x00000bb2                DrawFormat
                0x00000c0a                DrawChar4_320
                0x00000d20                DrawChar4_640
                0x00000e36                DrawChar8_320
                0x00000e8e                DrawChar8_640
 *fill*         0x00000ee6        0x2 
 .text          0x00000ee8      0x224 f_misc.o
                0x00000ee8                SetTextMode
                0x00000f1e                SetBitmapMode16
                0x00000f6e                SetBitmapMode256
                0x00000fbe                WaitForVBlank
                0x00000fde                WaitForVBlanks
                0x00000ffa                DmaCopy
                0x00001024                DmaClear
                0x0000104e                MidiReset
                0x00001072                RleUnpack
                0x000010f2                EnableSprites
 .text          0x0000110c      0x26e f_disk.o
                0x0000110c                FilePosition
                0x00001116                FileEnd
                0x0000112c                FileSize
                0x00001136                FileTouch
                0x0000113a                FileErrStr
                0x00001156                CloseFile
                0x0000115c                ReadFile
                0x0000118a                WriteFile
                0x000011b8                SeekFile
                0x000011f6                TruncateFile
                0x000011fc                FlushFile
                0x00001202                CloseDir
                0x00001208                ReadDir
                0x0000120e                FindNext
                0x00001214                GetLabel
                0x0000122c                MountIfNeeded
                0x00001250                OpenFile
                0x0000127e                OpenDir
                0x000012a0                FindFirst
                0x000012d2                FileStat
                0x000012f4                UnlinkFile
                0x0000130a                RenameFile
                0x0000132c                MakeDir
                0x00001342                ChangeDir
                0x00001358                GetCurrentDir
 *fill*         0x0000137a        0x2 
 .text          0x0000137c      0x356 ../ass-rt.o
                0x0000137c                strcpy_s
                0x000013c2                strcat_s
                0x00001426                strnlen_s
                0x00001446                strkitten_s
                0x00001490                memcpy
                0x000014ae                memset
                0x000014c6                memcmp
                0x000014f8                sbrk
                0x00001530                brk
                0x00001540                malloc_find_free_block
                0x0000156a                malloc_request_space
                0x000015ac                malloc
                0x0000162e                malloc_get_block_ptr
                0x00001636                free
                0x00001648                realloc
                0x0000169e                calloc
 *fill*         0x000016d2        0x2 
 .text          0x000016d4      0x4b2 printf.o
                0x00001876                strnlen
                0x00001898                vsprintf
                0x00001b6a                sprintf
 *fill*         0x00001b86        0x2 
 .text          0x00001b88     0x2a0a ff.o
                0x00002ec0                f_mount
                0x00002f2e                f_open
                0x000031b0                f_read
                0x000033a4                f_write
                0x000035d2                f_sync
                0x000036bc                f_close
                0x000036ec                f_chdir
                0x0000376c                f_getcwd
                0x000038f4                f_lseek
                0x00003ad6                f_opendir
                0x00003b76                f_closedir
                0x00003b9a                f_readdir
                0x00003c10                f_findnext
                0x00003c5c                f_findfirst
                0x00003c92                f_stat
                0x00003cfe                f_getfree
                0x00003e10                f_truncate
                0x00003f08                f_unlink
                0x0000400a                f_mkdir
                0x00004198                f_rename
                0x0000432a                f_getlabel
                0x00004402                f_setlabel
 *fill*         0x00004592        0x2 
 .text          0x00004594       0xf6 diskio.o
                0x00004594                disk_read
                0x000045f8                disk_write
                0x00004648                disk_ioctl
 *fill*         0x0000468a        0x2 
 .text          0x0000468c       0x22 c:/devkitpro/devkit68k/bin/../lib/gcc/m68k-elf/5.2.0/m68000\libgcc.a(_mulsi3.o)
                0x0000468c                __mulsi3
 *fill*         0x000046ae        0x2 
 .text          0x000046b0       0x5c c:/devkitpro/devkit68k/bin/../lib/gcc/m68k-elf/5.2.0/m68000\libgcc.a(_udivsi3.o)
                0x000046b0                __udivsi3
 .text          0x0000470c       0x2e c:/devkitpro/devkit68k/bin/../lib/gcc/m68k-elf/5.2.0/m68000\libgcc.a(_divsi3.o)
                0x0000470c                __divsi3
 *fill*         0x0000473a        0x2 
 .text          0x0000473c       0x2e c:/devkitpro/devkit68k/bin/../lib/gcc/m68k-elf/5.2.0/m68000\libgcc.a(_umodsi3.o)
                0x0000473c                __umodsi3
                0x0000476c                . = ALIGN (0x4)
 *fill*         0x0000476a        0x2 
 *(.rodata .rodata.*)
 .rodata        0x0000476c     0x3000 font.o
                0x0000476c                fontTiles
 .rodata        0x0000776c     0x1000 chelsie.o
                0x0000776c                chelsieTiles
 .rodata        0x0000876c      0x1e0 hdma.o
                0x0000876c                hdma1
 .rodata.str1.1
                0x0000894c       0x9b main.o
                                 0xa5 (size before relaxing)
 *fill*         0x000089e7        0x1 
 .rodata        0x000089e8      0x142 main.o
                0x000089e8                logo
 .rodata        0x00008b2a      0x41c f_text.o
                0x00008f2a                textLibrary
 .rodata        0x00008f46       0x44 f_draw.o
                0x00008f66                drawingLibrary
 .rodata        0x00008f8a       0x28 f_misc.o
                0x00008f8a                miscLibrary
 .rodata.str1.1
                0x00008fb2      0x1fe f_disk.o
                                0x1ff (size before relaxing)
 .rodata        0x000091b0       0xb0 f_disk.o
                0x00009200                diskLibrary
 .rodata.str1.1
                0x00009260       0x2b printf.o
 .rodata.str1.1
                0x0000928b       0x19 ff.o
 .rodata        0x000092a4       0x90 ff.o
 *(.gcc_except_table)
                0x00009334                . = ALIGN (0x2)
                0x00009334                __INIT_SECTION__ = .
                0x00009334        0x4 LONG 0x4e560000
 *(.init)
                0x00009338        0x2 SHORT 0x4e5e
                0x0000933a        0x2 SHORT 0x4e75
                0x0000933c                __FINI_SECTION__ = .
                0x0000933c        0x4 LONG 0x4e560000
 *(.fini)
                0x00009340        0x2 SHORT 0x4e5e
                0x00009342        0x2 SHORT 0x4e75
                0x00009344                _etext = .
 *(.lit)
                0x00009344                _stext = SIZEOF (.text)

.data           0x01000000       0x2c load address 0x00009344
 *(.got.plt)
 *(.got)
 *(.shdata)
 *(.data .data.*)
 .data          0x01000000       0x28 crt0.o
                0x01000000                interface
 .data          0x01000028        0x0 font.o
 .data          0x01000028        0x0 chelsie.o
 .data          0x01000028        0x0 hdma.o
 .data          0x01000028        0x0 main.o
 .data          0x01000028        0x0 f_text.o
 .data          0x01000028        0x0 f_draw.o
 .data          0x01000028        0x0 f_misc.o
 .data          0x01000028        0x0 f_disk.o
 .data          0x01000028        0x4 ../ass-rt.o
                0x01000028                heap
 .data          0x0100002c        0x0 printf.o
 .data          0x0100002c        0x0 ff.o
 .data          0x0100002c        0x0 diskio.o
 .data          0x0100002c        0x0 c:/devkitpro/devkit68k/bin/../lib/gcc/m68k-elf/5.2.0/m68000\libgcc.a(_mulsi3.o)
 .data          0x0100002c        0x0 c:/devkitpro/devkit68k/bin/../lib/gcc/m68k-elf/5.2.0/m68000\libgcc.a(_udivsi3.o)
 .data          0x0100002c        0x0 c:/devkitpro/devkit68k/bin/../lib/gcc/m68k-elf/5.2.0/m68000\libgcc.a(_divsi3.o)
 .data          0x0100002c        0x0 c:/devkitpro/devkit68k/bin/../lib/gcc/m68k-elf/5.2.0/m68000\libgcc.a(_umodsi3.o)
                0x0100002c                _edata = .
                0x0000002c                _sdata = SIZEOF (.data)

.bss            0x0100002c      0x260 load address 0x00009370
                0x0100002c                . = ALIGN (0x4)
                0x0100002c                __bss_start = .
 *(.shbss)
 *(.bss .bss.*)
 .bss           0x0100002c        0x0 crt0.o
 .bss           0x0100002c        0x0 font.o
 .bss           0x0100002c        0x0 chelsie.o
 .bss           0x0100002c        0x0 hdma.o
 .bss           0x0100002c        0x0 main.o
 .bss           0x0100002c        0x0 f_text.o
 .bss           0x0100002c        0x0 f_draw.o
 .bss           0x0100002c        0x0 f_misc.o
 .bss           0x0100002c      0x234 f_disk.o
                0x0100002c                FatFs
 .bss           0x01000260        0x4 ../ass-rt.o
                0x01000260                malloc_global_base
 .bss           0x01000264        0x0 printf.o
 .bss           0x01000264        0x6 ff.o
 *fill*         0x0100026a        0x2 
 .bss           0x0100026c        0x0 diskio.o
 .bss           0x0100026c        0x0 c:/devkitpro/devkit68k/bin/../lib/gcc/m68k-elf/5.2.0/m68000\libgcc.a(_mulsi3.o)
 .bss           0x0100026c        0x0 c:/devkitpro/devkit68k/bin/../lib/gcc/m68k-elf/5.2.0/m68000\libgcc.a(_udivsi3.o)
 .bss           0x0100026c        0x0 c:/devkitpro/devkit68k/bin/../lib/gcc/m68k-elf/5.2.0/m68000\libgcc.a(_divsi3.o)
 .bss           0x0100026c        0x0 c:/devkitpro/devkit68k/bin/../lib/gcc/m68k-elf/5.2.0/m68000\libgcc.a(_umodsi3.o)
 *(COMMON)
 COMMON         0x0100026c       0x10 main.o
                0x0100026c                chelsiePos
                0x01000270                inVblank
                0x01000274                chelsieFrame
                0x01000278                chelsieTimer
 COMMON         0x0100027c       0x10 f_text.o
                0x0100027c                oldHBlank
                0x01000280                textHeight
                0x01000281                attribs
                0x01000282                textWidth
                0x01000284                oldVBlank
                0x01000288                cursorPos
                0x01000290                _end = ALIGN (0x8)
                0x01000290                __end = _end
                0x01000290                end = _end
                0x02000000                PROVIDE (__HEAP_START, 0x2000000)

.stab
 *(.stab)

.stabstr
 *(.stabstr)

.eh_frame
 *(.eh_frame)
LOAD crt0.o
LOAD font.o
LOAD chelsie.o
LOAD hdma.o
LOAD main.o
LOAD f_text.o
LOAD f_draw.o
LOAD f_misc.o
LOAD f_disk.o
LOAD ../ass-rt.o
LOAD printf.o
LOAD ff.o
LOAD diskio.o
LOAD c:/devkitpro/devkit68k/bin/../lib/gcc/m68k-elf/5.2.0/m68000\libgcc.a
LOAD c:/devkitpro/devkit68k/bin/../lib/gcc/m68k-elf/5.2.0/../../../../m68k-elf/lib/m68000\libc.a
LOAD c:/devkitpro/devkit68k/bin/../lib/gcc/m68k-elf/5.2.0/m68000\libgcc.a
OUTPUT(ass-bios.elf elf32-m68k)

.comment        0x00000000       0x2b
 .comment       0x00000000       0x2b main.o
                                 0x2c (size before relaxing)
 .comment       0x0000002b       0x2c f_text.o
 .comment       0x0000002b       0x2c f_draw.o
 .comment       0x0000002b       0x2c f_misc.o
 .comment       0x0000002b       0x2c f_disk.o
 .comment       0x0000002b       0x2c ../ass-rt.o
 .comment       0x0000002b       0x2c printf.o
 .comment       0x0000002b       0x2c ff.o
 .comment       0x0000002b       0x2c diskio.o

.debug_line     0x00000000      0x201
 .debug_line    0x00000000       0x77 c:/devkitpro/devkit68k/bin/../lib/gcc/m68k-elf/5.2.0/m68000\libgcc.a(_mulsi3.o)
 .debug_line    0x00000077       0x90 c:/devkitpro/devkit68k/bin/../lib/gcc/m68k-elf/5.2.0/m68000\libgcc.a(_udivsi3.o)
 .debug_line    0x00000107       0x7f c:/devkitpro/devkit68k/bin/../lib/gcc/m68k-elf/5.2.0/m68000\libgcc.a(_divsi3.o)
 .debug_line    0x00000186       0x7b c:/devkitpro/devkit68k/bin/../lib/gcc/m68k-elf/5.2.0/m68000\libgcc.a(_umodsi3.o)

.debug_info     0x00000000      0x2b8
 .debug_info    0x00000000       0xae c:/devkitpro/devkit68k/bin/../lib/gcc/m68k-elf/5.2.0/m68000\libgcc.a(_mulsi3.o)
 .debug_info    0x000000ae       0xae c:/devkitpro/devkit68k/bin/../lib/gcc/m68k-elf/5.2.0/m68000\libgcc.a(_udivsi3.o)
 .debug_info    0x0000015c       0xae c:/devkitpro/devkit68k/bin/../lib/gcc/m68k-elf/5.2.0/m68000\libgcc.a(_divsi3.o)
 .debug_info    0x0000020a       0xae c:/devkitpro/devkit68k/bin/../lib/gcc/m68k-elf/5.2.0/m68000\libgcc.a(_umodsi3.o)

.debug_abbrev   0x00000000       0x50
 .debug_abbrev  0x00000000       0x14 c:/devkitpro/devkit68k/bin/../lib/gcc/m68k-elf/5.2.0/m68000\libgcc.a(_mulsi3.o)
 .debug_abbrev  0x00000014       0x14 c:/devkitpro/devkit68k/bin/../lib/gcc/m68k-elf/5.2.0/m68000\libgcc.a(_udivsi3.o)
 .debug_abbrev  0x00000028       0x14 c:/devkitpro/devkit68k/bin/../lib/gcc/m68k-elf/5.2.0/m68000\libgcc.a(_divsi3.o)
 .debug_abbrev  0x0000003c       0x14 c:/devkitpro/devkit68k/bin/../lib/gcc/m68k-elf/5.2.0/m68000\libgcc.a(_umodsi3.o)

.debug_aranges  0x00000000       0x80
 .debug_aranges
                0x00000000       0x20 c:/devkitpro/devkit68k/bin/../lib/gcc/m68k-elf/5.2.0/m68000\libgcc.a(_mulsi3.o)
 .debug_aranges
                0x00000020       0x20 c:/devkitpro/devkit68k/bin/../lib/gcc/m68k-elf/5.2.0/m68000\libgcc.a(_udivsi3.o)
 .debug_aranges
                0x00000040       0x20 c:/devkitpro/devkit68k/bin/../lib/gcc/m68k-elf/5.2.0/m68000\libgcc.a(_divsi3.o)
 .debug_aranges
                0x00000060       0x20 c:/devkitpro/devkit68k/bin/../lib/gcc/m68k-elf/5.2.0/m68000\libgcc.a(_umodsi3.o)
