Archive member included to satisfy reference by file (symbol)

c:/devkitpro/devkit68k/bin/../lib/gcc/m68k-elf/5.2.0/m68000\libgcc.a(_mulsi3.o)
                              ../ass-rt.o (__mulsi3)

Allocating common symbols
Common symbol       size              file

interface           0x4               main.o

Memory Configuration

Name             Origin             Length             Attributes
rom              0x00020000         0x00400000         xr
ram              0x01001000         0x003f0000         xw
*default*        0x00000000         0xffffffff

Linker script and memory map

                0x00000000                __DYNAMIC = 0x0
                0x06000000                PROVIDE (__stack, 0x6000000)

.text           0x00020000     0x259e
 *(.text .text.*)
 .text          0x00020000       0x54 crt0.o
 .text          0x00020054     0x2000 tileset.o
                0x00020054                tileset
 .text          0x00022054      0x12c main.o
                0x00022054                main
 .text          0x00022180      0x356 ../ass-rt.o
                0x00022180                strcpy_s
                0x000221c6                strcat_s
                0x0002222a                strnlen_s
                0x0002224a                strkitten_s
                0x00022294                memcpy
                0x000222b2                memset
                0x000222ca                memcmp
                0x000222fc                sbrk
                0x00022334                brk
                0x00022344                malloc_find_free_block
                0x0002236e                malloc_request_space
                0x000223b0                malloc
                0x00022432                malloc_get_block_ptr
                0x0002243a                free
                0x0002244c                realloc
                0x000224a2                calloc
 *fill*         0x000224d6        0x2 
 .text          0x000224d8       0x22 c:/devkitpro/devkit68k/bin/../lib/gcc/m68k-elf/5.2.0/m68000\libgcc.a(_mulsi3.o)
                0x000224d8                __mulsi3
                0x000224fc                . = ALIGN (0x4)
 *fill*         0x000224fa        0x2 
                0x000224fc                __CTOR_LIST__ = .
                0x000224fc                ___CTOR_LIST__ = .
                0x000224fc        0x4 LONG 0x0 (((__CTOR_END__ - __CTOR_LIST__) / 0x4) - 0x2)
 *(.ctors)
                0x00022500        0x4 LONG 0x0
                0x00022504                __CTOR_END__ = .
                0x00022504                __DTOR_LIST__ = .
                0x00022504                ___DTOR_LIST__ = .
                0x00022504        0x4 LONG 0x0 (((__DTOR_END__ - __DTOR_LIST__) / 0x4) - 0x2)
 *(.dtors)
                0x00022508        0x4 LONG 0x0
                0x0002250c                __DTOR_END__ = .
 *(.rodata .rodata.*)
 .rodata        0x0002250c       0x82 main.o
 *(.gcc_except_table)
                0x0002258e                . = ALIGN (0x2)
                0x0002258e                __INIT_SECTION__ = .
                0x0002258e        0x4 LONG 0x4e560000
 *(.init)
                0x00022592        0x2 SHORT 0x4e5e
                0x00022594        0x2 SHORT 0x4e75
                0x00022596                __FINI_SECTION__ = .
                0x00022596        0x4 LONG 0x4e560000
 *(.fini)
                0x0002259a        0x2 SHORT 0x4e5e
                0x0002259c        0x2 SHORT 0x4e75
                0x0002259e                _etext = .
 *(.lit)
                0x0000259e                _stext = SIZEOF (.text)

.data           0x01001000        0x4 load address 0x0002259e
 *(.got.plt)
 *(.got)
 *(.shdata)
 *(.data .data.*)
 .data          0x01001000        0x0 crt0.o
 .data          0x01001000        0x0 tileset.o
 .data          0x01001000        0x0 main.o
 .data          0x01001000        0x4 ../ass-rt.o
                0x01001000                heap
 .data          0x01001004        0x0 c:/devkitpro/devkit68k/bin/../lib/gcc/m68k-elf/5.2.0/m68000\libgcc.a(_mulsi3.o)
                0x01001004                _edata = .
                0x00000004                _sdata = SIZEOF (.data)

.bss            0x01001004        0x8 load address 0x000225a2
                0x01001004                . = ALIGN (0x4)
                0x01001004                __bss_start = .
 *(.shbss)
 *(.bss .bss.*)
 .bss           0x01001004        0x0 crt0.o
 .bss           0x01001004        0x0 tileset.o
 .bss           0x01001004        0x0 main.o
 .bss           0x01001004        0x4 ../ass-rt.o
                0x01001004                malloc_global_base
 .bss           0x01001008        0x0 c:/devkitpro/devkit68k/bin/../lib/gcc/m68k-elf/5.2.0/m68000\libgcc.a(_mulsi3.o)
 *(COMMON)
 COMMON         0x01001008        0x4 main.o
                0x01001008                interface
                0x01001010                _end = ALIGN (0x8)
                0x01001010                __end = _end
                0x01001010                end = _end
                0x03000000                PROVIDE (__HEAP_START, 0x3000000)

.stab
 *(.stab)

.stabstr
 *(.stabstr)

.eh_frame
 *(.eh_frame)
LOAD crt0.o
LOAD tileset.o
LOAD main.o
LOAD ../ass-rt.o
LOAD c:/devkitpro/devkit68k/bin/../lib/gcc/m68k-elf/5.2.0/m68000\libgcc.a
LOAD c:/devkitpro/devkit68k/bin/../lib/gcc/m68k-elf/5.2.0/../../../../m68k-elf/lib/m68000\libc.a
LOAD c:/devkitpro/devkit68k/bin/../lib/gcc/m68k-elf/5.2.0/m68000\libgcc.a
OUTPUT(tiletest.elf elf32-m68k)

.comment        0x00000000       0x2b
 .comment       0x00000000       0x2b main.o
                                 0x2c (size before relaxing)
 .comment       0x0000002b       0x2c ../ass-rt.o

.debug_line     0x00000000       0x77
 .debug_line    0x00000000       0x77 c:/devkitpro/devkit68k/bin/../lib/gcc/m68k-elf/5.2.0/m68000\libgcc.a(_mulsi3.o)

.debug_info     0x00000000       0xae
 .debug_info    0x00000000       0xae c:/devkitpro/devkit68k/bin/../lib/gcc/m68k-elf/5.2.0/m68000\libgcc.a(_mulsi3.o)

.debug_abbrev   0x00000000       0x14
 .debug_abbrev  0x00000000       0x14 c:/devkitpro/devkit68k/bin/../lib/gcc/m68k-elf/5.2.0/m68000\libgcc.a(_mulsi3.o)

.debug_aranges  0x00000000       0x20
 .debug_aranges
                0x00000000       0x20 c:/devkitpro/devkit68k/bin/../lib/gcc/m68k-elf/5.2.0/m68000\libgcc.a(_mulsi3.o)
