Archive member included to satisfy reference by file (symbol)

c:/devkitpro/devkit68k/bin/../lib/gcc/m68k-elf/5.2.0/m68000\libgcc.a(_mulsi3.o)
                              ../ass-rt.o (__mulsi3)

Allocating common symbols
Common symbol       size              file

kek                 0x4               main.o
kik                 0x4               main.o

Memory Configuration

Name             Origin             Length             Attributes
rom              0x00000000         0x00020000         xr
ram              0x01000000         0x00001000         xw
*default*        0x00000000         0xffffffff

Linker script and memory map

                0x00000000                __DYNAMIC = 0x0
                0x06000000                PROVIDE (__stack, 0x6000000)

.text           0x00000000      0x53c
 *(.text .text.*)
 .text          0x00000000      0x144 crt0.o
                0x00000140                cartStart
 .text          0x00000144       0x4a main.o
                0x00000144                ExHandler
                0x00000148                VBlankHandler
                0x00000166                HBlankHandler
 .text.startup  0x0000018e       0x20 main.o
                0x0000018e                main
 *fill*         0x000001ae        0x2 
 .text          0x000001b0      0x356 ../ass-rt.o
                0x000001b0                strcpy_s
                0x000001f6                strcat_s
                0x0000025a                strnlen_s
                0x0000027a                strkitten_s
                0x000002c4                memcpy
                0x000002e2                memset
                0x000002fa                memcmp
                0x0000032c                sbrk
                0x00000364                brk
                0x00000374                malloc_find_free_block
                0x0000039e                malloc_request_space
                0x000003e0                malloc
                0x00000462                malloc_get_block_ptr
                0x0000046a                free
                0x0000047c                realloc
                0x000004d2                calloc
 *fill*         0x00000506        0x2 
 .text          0x00000508       0x22 c:/devkitpro/devkit68k/bin/../lib/gcc/m68k-elf/5.2.0/m68000\libgcc.a(_mulsi3.o)
                0x00000508                __mulsi3
                0x0000052c                . = ALIGN (0x4)
 *fill*         0x0000052a        0x2 
 *(.rodata .rodata.*)
 *(.gcc_except_table)
                0x0000052c                . = ALIGN (0x2)
                0x0000052c                __INIT_SECTION__ = .
                0x0000052c        0x4 LONG 0x4e560000
 *(.init)
                0x00000530        0x2 SHORT 0x4e5e
                0x00000532        0x2 SHORT 0x4e75
                0x00000534                __FINI_SECTION__ = .
                0x00000534        0x4 LONG 0x4e560000
 *(.fini)
                0x00000538        0x2 SHORT 0x4e5e
                0x0000053a        0x2 SHORT 0x4e75
                0x0000053c                _etext = .
 *(.lit)
                0x0000053c                _stext = SIZEOF (.text)

.data           0x01000000        0x4 load address 0x0000053c
 *(.got.plt)
 *(.got)
 *(.shdata)
 *(.data .data.*)
 .data          0x01000000        0x0 crt0.o
 .data          0x01000000        0x0 main.o
 .data          0x01000000        0x4 ../ass-rt.o
                0x01000000                heap
 .data          0x01000004        0x0 c:/devkitpro/devkit68k/bin/../lib/gcc/m68k-elf/5.2.0/m68000\libgcc.a(_mulsi3.o)
                0x01000004                _edata = .
                0x00000004                _sdata = SIZEOF (.data)

.bss            0x01000004        0xc load address 0x00000540
                0x01000004                . = ALIGN (0x4)
                0x01000004                __bss_start = .
 *(.shbss)
 *(.bss .bss.*)
 .bss           0x01000004        0x0 crt0.o
 .bss           0x01000004        0x0 main.o
 .bss           0x01000004        0x4 ../ass-rt.o
                0x01000004                malloc_global_base
 .bss           0x01000008        0x0 c:/devkitpro/devkit68k/bin/../lib/gcc/m68k-elf/5.2.0/m68000\libgcc.a(_mulsi3.o)
 *(COMMON)
 COMMON         0x01000008        0x8 main.o
                0x01000008                kek
                0x0100000c                kik
                0x01000010                _end = ALIGN (0x8)
                0x01000010                __end = _end
                0x01000010                end = _end
                0x02000000                PROVIDE (__HEAP_START, 0x2000000)

.stab
 *(.stab)

.stabstr
 *(.stabstr)

.eh_frame
 *(.eh_frame)
LOAD crt0.o
LOAD main.o
LOAD ../ass-rt.o
LOAD c:/devkitpro/devkit68k/bin/../lib/gcc/m68k-elf/5.2.0/m68000\libgcc.a
LOAD c:/devkitpro/devkit68k/bin/../lib/gcc/m68k-elf/5.2.0/../../../../m68k-elf/lib/m68000\libc.a
LOAD c:/devkitpro/devkit68k/bin/../lib/gcc/m68k-elf/5.2.0/m68000\libgcc.a
OUTPUT(ass-rawtest.elf elf32-m68k)

.comment        0x00000000       0x2b
 .comment       0x00000000       0x2b main.o
                                 0x2c (size before relaxing)
 .comment       0x0000002b       0x2c ../ass-rt.o

.debug_line     0x00000000       0x77
 .debug_line    0x00000000       0x77 c:/devkitpro/devkit68k/bin/../lib/gcc/m68k-elf/5.2.0/m68000\libgcc.a(_mulsi3.o)

.debug_info     0x00000000       0xae
 .debug_info    0x00000000       0xae c:/devkitpro/devkit68k/bin/../lib/gcc/m68k-elf/5.2.0/m68000\libgcc.a(_mulsi3.o)

.debug_abbrev   0x00000000       0x14
 .debug_abbrev  0x00000000       0x14 c:/devkitpro/devkit68k/bin/../lib/gcc/m68k-elf/5.2.0/m68000\libgcc.a(_mulsi3.o)

.debug_aranges  0x00000000       0x20
 .debug_aranges
                0x00000000       0x20 c:/devkitpro/devkit68k/bin/../lib/gcc/m68k-elf/5.2.0/m68000\libgcc.a(_mulsi3.o)
