Archive member included to satisfy reference by file (symbol)

c:/devkitpro/devkit68k/bin/../lib/gcc/m68k-elf/5.2.0/m68000\libgcc.a(_mulsi3.o)
                              ../ass-rt.o (__mulsi3)
c:/devkitpro/devkit68k/bin/../lib/gcc/m68k-elf/5.2.0/../../../../m68k-elf/lib/m68000\libc.a(lib_a-strcmp.o)
                              main.o (strcmp)
c:/devkitpro/devkit68k/bin/../lib/gcc/m68k-elf/5.2.0/../../../../m68k-elf/lib/m68000\libc.a(lib_a-strlen.o)
                              main.o (strlen)
c:/devkitpro/devkit68k/bin/../lib/gcc/m68k-elf/5.2.0/../../../../m68k-elf/lib/m68000\libc.a(lib_a-strrchr.o)
                              main.o (strrchr)
c:/devkitpro/devkit68k/bin/../lib/gcc/m68k-elf/5.2.0/../../../../m68k-elf/lib/m68000\libc.a(lib_a-strtok_r.o)
                              main.o (strtok_r)
c:/devkitpro/devkit68k/bin/../lib/gcc/m68k-elf/5.2.0/../../../../m68k-elf/lib/m68000\libc.a(lib_a-strchr.o)
                              c:/devkitpro/devkit68k/bin/../lib/gcc/m68k-elf/5.2.0/../../../../m68k-elf/lib/m68000\libc.a(lib_a-strrchr.o) (strchr)

Allocating common symbols
Common symbol       size              file

interface           0x4               main.o

Memory Configuration

Name             Origin             Length             Attributes
rom              0x00020000         0x00400000         xr
ram              0x01001000         0x003f0000         xw
*default*        0x00000000         0xffffffff

Linker script and memory map

                0x00000000                __DYNAMIC = 0x0
                0x06000000                PROVIDE (__stack, 0x6000000)

.text           0x00020000     0x1b7e
 *(.text .text.*)
 .text          0x00020000       0x54 crt0.o
 .text          0x00020054      0xc60 main.o
                0x00020054                LoadFile
                0x0002012a                WaitForKey
                0x0002014a                ShowPic
                0x0002025e                ShowText
                0x000205a0                ShowFile
                0x00020634                ListFiles
                0x00020978                main
 .text          0x00020cb4      0x356 ../ass-rt.o
                0x00020cb4                strcpy_s
                0x00020cfa                strcat_s
                0x00020d5e                strnlen_s
                0x00020d7e                strkitten_s
                0x00020dc8                memcpy
                0x00020de6                memset
                0x00020dfe                memcmp
                0x00020e30                sbrk
                0x00020e68                brk
                0x00020e78                malloc_find_free_block
                0x00020ea2                malloc_request_space
                0x00020ee4                malloc
                0x00020f66                malloc_get_block_ptr
                0x00020f6e                free
                0x00020f80                realloc
                0x00020fd6                calloc
 *fill*         0x0002100a        0x2 
 .text          0x0002100c      0x504 ../ass-std.o
                0x0002100c                fputc
                0x0002106a                fputs
                0x000210b8                fgetc
                0x00021198                getdelim
                0x00021312                fgets
                0x0002135e                fread
                0x000213b6                fwrite
                0x0002140e                fopen
                0x000214b8                fclose
 .text          0x00021510       0x22 c:/devkitpro/devkit68k/bin/../lib/gcc/m68k-elf/5.2.0/m68000\libgcc.a(_mulsi3.o)
                0x00021510                __mulsi3
 *fill*         0x00021532        0x2 
 .text          0x00021534       0x6c c:/devkitpro/devkit68k/bin/../lib/gcc/m68k-elf/5.2.0/../../../../m68k-elf/lib/m68000\libc.a(lib_a-strcmp.o)
                0x00021534                strcmp
 .text          0x000215a0       0x1a c:/devkitpro/devkit68k/bin/../lib/gcc/m68k-elf/5.2.0/../../../../m68k-elf/lib/m68000\libc.a(lib_a-strlen.o)
                0x000215a0                strlen
 *fill*         0x000215ba        0x2 
 .text          0x000215bc       0x5a c:/devkitpro/devkit68k/bin/../lib/gcc/m68k-elf/5.2.0/../../../../m68k-elf/lib/m68000\libc.a(lib_a-strrchr.o)
                0x000215bc                strrchr
 *fill*         0x00021616        0x2 
 .text          0x00021618       0xe6 c:/devkitpro/devkit68k/bin/../lib/gcc/m68k-elf/5.2.0/../../../../m68k-elf/lib/m68000\libc.a(lib_a-strtok_r.o)
                0x00021618                __strtok_r
                0x000216e2                strtok_r
 *fill*         0x000216fe        0x2 
 .text          0x00021700       0xe6 c:/devkitpro/devkit68k/bin/../lib/gcc/m68k-elf/5.2.0/../../../../m68k-elf/lib/m68000\libc.a(lib_a-strchr.o)
                0x00021700                strchr
                0x000217e8                . = ALIGN (0x4)
 *fill*         0x000217e6        0x2 
                0x000217e8                __CTOR_LIST__ = .
                0x000217e8                ___CTOR_LIST__ = .
                0x000217e8        0x4 LONG 0x0 (((__CTOR_END__ - __CTOR_LIST__) / 0x4) - 0x2)
 *(.ctors)
                0x000217ec        0x4 LONG 0x0
                0x000217f0                __CTOR_END__ = .
                0x000217f0                __DTOR_LIST__ = .
                0x000217f0                ___DTOR_LIST__ = .
                0x000217f0        0x4 LONG 0x0 (((__DTOR_END__ - __DTOR_LIST__) / 0x4) - 0x2)
 *(.dtors)
                0x000217f4        0x4 LONG 0x0
                0x000217f8                __DTOR_END__ = .
 *(.rodata .rodata.*)
 .rodata        0x000217f8      0x175 main.o
 .rodata        0x0002196d      0x200 ../ass-std.o
 *(.gcc_except_table)
                0x00021b6e                . = ALIGN (0x2)
 *fill*         0x00021b6d        0x1 
                0x00021b6e                __INIT_SECTION__ = .
                0x00021b6e        0x4 LONG 0x4e560000
 *(.init)
                0x00021b72        0x2 SHORT 0x4e5e
                0x00021b74        0x2 SHORT 0x4e75
                0x00021b76                __FINI_SECTION__ = .
                0x00021b76        0x4 LONG 0x4e560000
 *(.fini)
                0x00021b7a        0x2 SHORT 0x4e5e
                0x00021b7c        0x2 SHORT 0x4e75
                0x00021b7e                _etext = .
 *(.lit)
                0x00001b7e                _stext = SIZEOF (.text)

.data           0x01001000        0x4 load address 0x00021b7e
 *(.got.plt)
 *(.got)
 *(.shdata)
 *(.data .data.*)
 .data          0x01001000        0x0 crt0.o
 .data          0x01001000        0x0 main.o
 .data          0x01001000        0x4 ../ass-rt.o
                0x01001000                heap
 .data          0x01001004        0x0 ../ass-std.o
 .data          0x01001004        0x0 c:/devkitpro/devkit68k/bin/../lib/gcc/m68k-elf/5.2.0/m68000\libgcc.a(_mulsi3.o)
 .data          0x01001004        0x0 c:/devkitpro/devkit68k/bin/../lib/gcc/m68k-elf/5.2.0/../../../../m68k-elf/lib/m68000\libc.a(lib_a-strcmp.o)
 .data          0x01001004        0x0 c:/devkitpro/devkit68k/bin/../lib/gcc/m68k-elf/5.2.0/../../../../m68k-elf/lib/m68000\libc.a(lib_a-strlen.o)
 .data          0x01001004        0x0 c:/devkitpro/devkit68k/bin/../lib/gcc/m68k-elf/5.2.0/../../../../m68k-elf/lib/m68000\libc.a(lib_a-strrchr.o)
 .data          0x01001004        0x0 c:/devkitpro/devkit68k/bin/../lib/gcc/m68k-elf/5.2.0/../../../../m68k-elf/lib/m68000\libc.a(lib_a-strtok_r.o)
 .data          0x01001004        0x0 c:/devkitpro/devkit68k/bin/../lib/gcc/m68k-elf/5.2.0/../../../../m68k-elf/lib/m68000\libc.a(lib_a-strchr.o)
                0x01001004                _edata = .
                0x00000004                _sdata = SIZEOF (.data)

.bss            0x01001004        0x8 load address 0x00021b82
                0x01001004                . = ALIGN (0x4)
                0x01001004                __bss_start = .
 *(.shbss)
 *(.bss .bss.*)
 .bss           0x01001004        0x0 crt0.o
 .bss           0x01001004        0x0 main.o
 .bss           0x01001004        0x4 ../ass-rt.o
                0x01001004                malloc_global_base
 .bss           0x01001008        0x0 ../ass-std.o
 .bss           0x01001008        0x0 c:/devkitpro/devkit68k/bin/../lib/gcc/m68k-elf/5.2.0/m68000\libgcc.a(_mulsi3.o)
 .bss           0x01001008        0x0 c:/devkitpro/devkit68k/bin/../lib/gcc/m68k-elf/5.2.0/../../../../m68k-elf/lib/m68000\libc.a(lib_a-strcmp.o)
 .bss           0x01001008        0x0 c:/devkitpro/devkit68k/bin/../lib/gcc/m68k-elf/5.2.0/../../../../m68k-elf/lib/m68000\libc.a(lib_a-strlen.o)
 .bss           0x01001008        0x0 c:/devkitpro/devkit68k/bin/../lib/gcc/m68k-elf/5.2.0/../../../../m68k-elf/lib/m68000\libc.a(lib_a-strrchr.o)
 .bss           0x01001008        0x0 c:/devkitpro/devkit68k/bin/../lib/gcc/m68k-elf/5.2.0/../../../../m68k-elf/lib/m68000\libc.a(lib_a-strtok_r.o)
 .bss           0x01001008        0x0 c:/devkitpro/devkit68k/bin/../lib/gcc/m68k-elf/5.2.0/../../../../m68k-elf/lib/m68000\libc.a(lib_a-strchr.o)
 *(COMMON)
 COMMON         0x01001008        0x4 main.o
                0x01001008                interface
                0x01001010                _end = ALIGN (0x8)
                0x01001010                __end = _end
                0x01001010                end = _end
                0x03000000                PROVIDE (__HEAP_START, 0x3000000)

.stab
 *(.stab)

.stabstr
 *(.stabstr)

.eh_frame
 *(.eh_frame)
LOAD crt0.o
LOAD main.o
LOAD ../ass-rt.o
LOAD ../ass-std.o
LOAD c:/devkitpro/devkit68k/bin/../lib/gcc/m68k-elf/5.2.0/m68000\libgcc.a
LOAD c:/devkitpro/devkit68k/bin/../lib/gcc/m68k-elf/5.2.0/../../../../m68k-elf/lib/m68000\libc.a
LOAD c:/devkitpro/devkit68k/bin/../lib/gcc/m68k-elf/5.2.0/m68000\libgcc.a
OUTPUT(cmd.elf elf32-m68k)

.comment        0x00000000       0x2b
 .comment       0x00000000       0x2b main.o
                                 0x2c (size before relaxing)
 .comment       0x0000002b       0x2c ../ass-rt.o
 .comment       0x0000002b       0x2c ../ass-std.o
 .comment       0x0000002b       0x2c c:/devkitpro/devkit68k/bin/../lib/gcc/m68k-elf/5.2.0/../../../../m68k-elf/lib/m68000\libc.a(lib_a-strcmp.o)
 .comment       0x0000002b       0x2c c:/devkitpro/devkit68k/bin/../lib/gcc/m68k-elf/5.2.0/../../../../m68k-elf/lib/m68000\libc.a(lib_a-strlen.o)
 .comment       0x0000002b       0x2c c:/devkitpro/devkit68k/bin/../lib/gcc/m68k-elf/5.2.0/../../../../m68k-elf/lib/m68000\libc.a(lib_a-strrchr.o)
 .comment       0x0000002b       0x2c c:/devkitpro/devkit68k/bin/../lib/gcc/m68k-elf/5.2.0/../../../../m68k-elf/lib/m68000\libc.a(lib_a-strtok_r.o)
 .comment       0x0000002b       0x2c c:/devkitpro/devkit68k/bin/../lib/gcc/m68k-elf/5.2.0/../../../../m68k-elf/lib/m68000\libc.a(lib_a-strchr.o)

.debug_line     0x00000000      0x543
 .debug_line    0x00000000       0x77 c:/devkitpro/devkit68k/bin/../lib/gcc/m68k-elf/5.2.0/m68000\libgcc.a(_mulsi3.o)
 .debug_line    0x00000077       0xe3 c:/devkitpro/devkit68k/bin/../lib/gcc/m68k-elf/5.2.0/../../../../m68k-elf/lib/m68000\libc.a(lib_a-strcmp.o)
 .debug_line    0x0000015a      0x123 c:/devkitpro/devkit68k/bin/../lib/gcc/m68k-elf/5.2.0/../../../../m68k-elf/lib/m68000\libc.a(lib_a-strlen.o)
 .debug_line    0x0000027d       0xce c:/devkitpro/devkit68k/bin/../lib/gcc/m68k-elf/5.2.0/../../../../m68k-elf/lib/m68000\libc.a(lib_a-strrchr.o)
 .debug_line    0x0000034b      0x107 c:/devkitpro/devkit68k/bin/../lib/gcc/m68k-elf/5.2.0/../../../../m68k-elf/lib/m68000\libc.a(lib_a-strtok_r.o)
 .debug_line    0x00000452       0xf1 c:/devkitpro/devkit68k/bin/../lib/gcc/m68k-elf/5.2.0/../../../../m68k-elf/lib/m68000\libc.a(lib_a-strchr.o)

.debug_info     0x00000000      0x5e6
 .debug_info    0x00000000       0xae c:/devkitpro/devkit68k/bin/../lib/gcc/m68k-elf/5.2.0/m68000\libgcc.a(_mulsi3.o)
 .debug_info    0x000000ae       0xe0 c:/devkitpro/devkit68k/bin/../lib/gcc/m68k-elf/5.2.0/../../../../m68k-elf/lib/m68000\libc.a(lib_a-strcmp.o)
 .debug_info    0x0000018e       0xd2 c:/devkitpro/devkit68k/bin/../lib/gcc/m68k-elf/5.2.0/../../../../m68k-elf/lib/m68000\libc.a(lib_a-strlen.o)
 .debug_info    0x00000260       0xf4 c:/devkitpro/devkit68k/bin/../lib/gcc/m68k-elf/5.2.0/../../../../m68k-elf/lib/m68000\libc.a(lib_a-strrchr.o)
 .debug_info    0x00000354      0x17b c:/devkitpro/devkit68k/bin/../lib/gcc/m68k-elf/5.2.0/../../../../m68k-elf/lib/m68000\libc.a(lib_a-strtok_r.o)
 .debug_info    0x000004cf      0x117 c:/devkitpro/devkit68k/bin/../lib/gcc/m68k-elf/5.2.0/../../../../m68k-elf/lib/m68000\libc.a(lib_a-strchr.o)

.debug_abbrev   0x00000000      0x2f6
 .debug_abbrev  0x00000000       0x14 c:/devkitpro/devkit68k/bin/../lib/gcc/m68k-elf/5.2.0/m68000\libgcc.a(_mulsi3.o)
 .debug_abbrev  0x00000014       0x72 c:/devkitpro/devkit68k/bin/../lib/gcc/m68k-elf/5.2.0/../../../../m68k-elf/lib/m68000\libc.a(lib_a-strcmp.o)
 .debug_abbrev  0x00000086       0x7d c:/devkitpro/devkit68k/bin/../lib/gcc/m68k-elf/5.2.0/../../../../m68k-elf/lib/m68000\libc.a(lib_a-strlen.o)
 .debug_abbrev  0x00000103       0xa9 c:/devkitpro/devkit68k/bin/../lib/gcc/m68k-elf/5.2.0/../../../../m68k-elf/lib/m68000\libc.a(lib_a-strrchr.o)
 .debug_abbrev  0x000001ac       0xc9 c:/devkitpro/devkit68k/bin/../lib/gcc/m68k-elf/5.2.0/../../../../m68k-elf/lib/m68000\libc.a(lib_a-strtok_r.o)
 .debug_abbrev  0x00000275       0x81 c:/devkitpro/devkit68k/bin/../lib/gcc/m68k-elf/5.2.0/../../../../m68k-elf/lib/m68000\libc.a(lib_a-strchr.o)

.debug_aranges  0x00000000       0xc0
 .debug_aranges
                0x00000000       0x20 c:/devkitpro/devkit68k/bin/../lib/gcc/m68k-elf/5.2.0/m68000\libgcc.a(_mulsi3.o)
 .debug_aranges
                0x00000020       0x20 c:/devkitpro/devkit68k/bin/../lib/gcc/m68k-elf/5.2.0/../../../../m68k-elf/lib/m68000\libc.a(lib_a-strcmp.o)
 .debug_aranges
                0x00000040       0x20 c:/devkitpro/devkit68k/bin/../lib/gcc/m68k-elf/5.2.0/../../../../m68k-elf/lib/m68000\libc.a(lib_a-strlen.o)
 .debug_aranges
                0x00000060       0x20 c:/devkitpro/devkit68k/bin/../lib/gcc/m68k-elf/5.2.0/../../../../m68k-elf/lib/m68000\libc.a(lib_a-strrchr.o)
 .debug_aranges
                0x00000080       0x20 c:/devkitpro/devkit68k/bin/../lib/gcc/m68k-elf/5.2.0/../../../../m68k-elf/lib/m68000\libc.a(lib_a-strtok_r.o)
 .debug_aranges
                0x000000a0       0x20 c:/devkitpro/devkit68k/bin/../lib/gcc/m68k-elf/5.2.0/../../../../m68k-elf/lib/m68000\libc.a(lib_a-strchr.o)

.debug_loc      0x00000000      0x3f8
 .debug_loc     0x00000000       0x92 c:/devkitpro/devkit68k/bin/../lib/gcc/m68k-elf/5.2.0/../../../../m68k-elf/lib/m68000\libc.a(lib_a-strcmp.o)
 .debug_loc     0x00000092       0x33 c:/devkitpro/devkit68k/bin/../lib/gcc/m68k-elf/5.2.0/../../../../m68k-elf/lib/m68000\libc.a(lib_a-strlen.o)
 .debug_loc     0x000000c5       0xc5 c:/devkitpro/devkit68k/bin/../lib/gcc/m68k-elf/5.2.0/../../../../m68k-elf/lib/m68000\libc.a(lib_a-strrchr.o)
 .debug_loc     0x0000018a      0x183 c:/devkitpro/devkit68k/bin/../lib/gcc/m68k-elf/5.2.0/../../../../m68k-elf/lib/m68000\libc.a(lib_a-strtok_r.o)
 .debug_loc     0x0000030d       0xeb c:/devkitpro/devkit68k/bin/../lib/gcc/m68k-elf/5.2.0/../../../../m68k-elf/lib/m68000\libc.a(lib_a-strchr.o)

.debug_str      0x00000000      0x27a
 .debug_str     0x00000000       0xee c:/devkitpro/devkit68k/bin/../lib/gcc/m68k-elf/5.2.0/../../../../m68k-elf/lib/m68000\libc.a(lib_a-strcmp.o)
                                0x127 (size before relaxing)
 .debug_str     0x000000ee       0x5c c:/devkitpro/devkit68k/bin/../lib/gcc/m68k-elf/5.2.0/../../../../m68k-elf/lib/m68000\libc.a(lib_a-strlen.o)
                                0x134 (size before relaxing)
 .debug_str     0x0000014a       0x5d c:/devkitpro/devkit68k/bin/../lib/gcc/m68k-elf/5.2.0/../../../../m68k-elf/lib/m68000\libc.a(lib_a-strrchr.o)
                                0x135 (size before relaxing)
 .debug_str     0x000001a7       0x79 c:/devkitpro/devkit68k/bin/../lib/gcc/m68k-elf/5.2.0/../../../../m68k-elf/lib/m68000\libc.a(lib_a-strtok_r.o)
                                0x160 (size before relaxing)
 .debug_str     0x00000220       0x5a c:/devkitpro/devkit68k/bin/../lib/gcc/m68k-elf/5.2.0/../../../../m68k-elf/lib/m68000\libc.a(lib_a-strchr.o)
                                0x139 (size before relaxing)

.debug_frame    0x00000000      0x110
 .debug_frame   0x00000000       0x2c c:/devkitpro/devkit68k/bin/../lib/gcc/m68k-elf/5.2.0/../../../../m68k-elf/lib/m68000\libc.a(lib_a-strcmp.o)
 .debug_frame   0x0000002c       0x2c c:/devkitpro/devkit68k/bin/../lib/gcc/m68k-elf/5.2.0/../../../../m68k-elf/lib/m68000\libc.a(lib_a-strlen.o)
 .debug_frame   0x00000058       0x34 c:/devkitpro/devkit68k/bin/../lib/gcc/m68k-elf/5.2.0/../../../../m68k-elf/lib/m68000\libc.a(lib_a-strrchr.o)
 .debug_frame   0x0000008c       0x50 c:/devkitpro/devkit68k/bin/../lib/gcc/m68k-elf/5.2.0/../../../../m68k-elf/lib/m68000\libc.a(lib_a-strtok_r.o)
 .debug_frame   0x000000dc       0x34 c:/devkitpro/devkit68k/bin/../lib/gcc/m68k-elf/5.2.0/../../../../m68k-elf/lib/m68000\libc.a(lib_a-strchr.o)
