Archive member included to satisfy reference by file (symbol)

c:/devkitpro/devkit68k/bin/../lib/gcc/m68k-elf/5.2.0/m68000\libgcc.a(_mulsi3.o)
                              ../ass-rt.o (__mulsi3)

Allocating common symbols
Common symbol       size              file

interface           0x4               main.o

Memory Configuration

Name             Origin             Length             Attributes
ram              0x01002000         0x003f0000         xw
*default*        0x00000000         0xffffffff

Linker script and memory map

                0x00000000                __DYNAMIC = 0x0
                0x06000000                PROVIDE (__stack, 0x6000000)

.text           0x01002000      0x472
 *(.text .text.*)
 .text          0x01002000       0x54 crt0.o
                0x01002020                initialize
 .text          0x01002054       0x6c main.o
                0x01002054                main
 .text          0x010020c0      0x356 ../ass-rt.o
                0x010020c0                strcpy_s
                0x01002106                strcat_s
                0x0100216a                strnlen_s
                0x0100218a                strkitten_s
                0x010021d4                memcpy
                0x010021f2                memset
                0x0100220a                memcmp
                0x0100223c                sbrk
                0x01002274                brk
                0x01002284                malloc_find_free_block
                0x010022ae                malloc_request_space
                0x010022f0                malloc
                0x01002372                malloc_get_block_ptr
                0x0100237a                free
                0x0100238c                realloc
                0x010023e2                calloc
 *fill*         0x01002416        0x2 
 .text          0x01002418       0x22 c:/devkitpro/devkit68k/bin/../lib/gcc/m68k-elf/5.2.0/m68000\libgcc.a(_mulsi3.o)
                0x01002418                __mulsi3
                0x0100243c                . = ALIGN (0x4)
 *fill*         0x0100243a        0x2 
                0x0100243c                __CTOR_LIST__ = .
                0x0100243c                ___CTOR_LIST__ = .
                0x0100243c        0x4 LONG 0x0 (((__CTOR_END__ - __CTOR_LIST__) / 0x4) - 0x2)
 *(.ctors)
                0x01002440        0x4 LONG 0x0
                0x01002444                __CTOR_END__ = .
                0x01002444                __DTOR_LIST__ = .
                0x01002444                ___DTOR_LIST__ = .
                0x01002444        0x4 LONG 0x0 (((__DTOR_END__ - __DTOR_LIST__) / 0x4) - 0x2)
 *(.dtors)
                0x01002448        0x4 LONG 0x0
                0x0100244c                __DTOR_END__ = .
 *(.rodata .rodata.*)
 .rodata        0x0100244c       0x15 main.o
 *(.gcc_except_table)
                0x01002462                . = ALIGN (0x2)
 *fill*         0x01002461        0x1 
                0x01002462                __INIT_SECTION__ = .
                0x01002462        0x4 LONG 0x4e560000
 *(.init)
                0x01002466        0x2 SHORT 0x4e5e
                0x01002468        0x2 SHORT 0x4e75
                0x0100246a                __FINI_SECTION__ = .
                0x0100246a        0x4 LONG 0x4e560000
 *(.fini)
                0x0100246e        0x2 SHORT 0x4e5e
                0x01002470        0x2 SHORT 0x4e75
                0x01002472                _etext = .
 *(.lit)
                0x00000472                _stext = SIZEOF (.text)

.data           0x01200000        0x4 load address 0x01002472
 *(.got.plt)
 *(.got)
 *(.shdata)
 *(.data .data.*)
 .data          0x01200000        0x0 crt0.o
 .data          0x01200000        0x0 main.o
 .data          0x01200000        0x4 ../ass-rt.o
                0x01200000                heap
 .data          0x01200004        0x0 c:/devkitpro/devkit68k/bin/../lib/gcc/m68k-elf/5.2.0/m68000\libgcc.a(_mulsi3.o)
                0x01200004                _edata = .
                0x00000004                _sdata = SIZEOF (.data)

.bss            0x01200004        0x8 load address 0x01002476
                0x01200004                . = ALIGN (0x4)
                0x01200004                __bss_start = .
 *(.shbss)
 *(.bss .bss.*)
 .bss           0x01200004        0x0 crt0.o
 .bss           0x01200004        0x0 main.o
 .bss           0x01200004        0x4 ../ass-rt.o
                0x01200004                malloc_global_base
 .bss           0x01200008        0x0 c:/devkitpro/devkit68k/bin/../lib/gcc/m68k-elf/5.2.0/m68000\libgcc.a(_mulsi3.o)
 *(COMMON)
 COMMON         0x01200008        0x4 main.o
                0x01200008                interface
                0x01200010                _end = ALIGN (0x8)
                0x01200010                __end = _end
                0x01200010                end = _end
                0x03000000                PROVIDE (__HEAP_START, 0x3000000)

.stab
 *(.stab)

.stabstr
 *(.stabstr)

.eh_frame
 *(.eh_frame)
LOAD crt0.o
LOAD main.o
LOAD ../ass-rt.o
LOAD c:/devkitpro/devkit68k/bin/../lib/gcc/m68k-elf/5.2.0/m68000\libgcc.a
LOAD c:/devkitpro/devkit68k/bin/../lib/gcc/m68k-elf/5.2.0/../../../../m68k-elf/lib/m68000\libc.a
LOAD c:/devkitpro/devkit68k/bin/../lib/gcc/m68k-elf/5.2.0/m68000\libgcc.a
OUTPUT(start.elf elf32-m68k)

.comment        0x00000000       0x2b
 .comment       0x00000000       0x2b main.o
                                 0x2c (size before relaxing)
 .comment       0x0000002b       0x2c ../ass-rt.o

.debug_line     0x00000000       0x77
 .debug_line    0x00000000       0x77 c:/devkitpro/devkit68k/bin/../lib/gcc/m68k-elf/5.2.0/m68000\libgcc.a(_mulsi3.o)

.debug_info     0x00000000       0xae
 .debug_info    0x00000000       0xae c:/devkitpro/devkit68k/bin/../lib/gcc/m68k-elf/5.2.0/m68000\libgcc.a(_mulsi3.o)

.debug_abbrev   0x00000000       0x14
 .debug_abbrev  0x00000000       0x14 c:/devkitpro/devkit68k/bin/../lib/gcc/m68k-elf/5.2.0/m68000\libgcc.a(_mulsi3.o)

.debug_aranges  0x00000000       0x20
 .debug_aranges
                0x00000000       0x20 c:/devkitpro/devkit68k/bin/../lib/gcc/m68k-elf/5.2.0/m68000\libgcc.a(_mulsi3.o)
