Archive member included to satisfy reference by file (symbol)

c:/devkitpro/devkit68k/bin/../lib/gcc/m68k-elf/5.2.0/m68000\libgcc.a(_mulsi3.o)
                              ../ass-rt.o (__mulsi3)

Allocating common symbols
Common symbol       size              file

interface           0x4               main.o

Memory Configuration

Name             Origin             Length             Attributes
rom              0x00020000         0x00400000         xr
ram              0x01001000         0x003f0000         xw
*default*        0x00000000         0xffffffff

Linker script and memory map

                0x00000000                __DYNAMIC = 0x0
                0x06000000                PROVIDE (__stack, 0x6000000)

.text           0x00020000    0x13248
 *(.text .text.*)
 .text          0x00020000       0x54 crt0.o
 .text          0x00020054    0x12e18 pic.o
                0x00020054                picData
 .text          0x00032e6c       0x3e main.o
                0x00032e6c                main
 *fill*         0x00032eaa        0x2 
 .text          0x00032eac      0x356 ../ass-rt.o
                0x00032eac                strcpy_s
                0x00032ef2                strcat_s
                0x00032f56                strnlen_s
                0x00032f76                strkitten_s
                0x00032fc0                memcpy
                0x00032fde                memset
                0x00032ff6                memcmp
                0x00033028                sbrk
                0x00033060                brk
                0x00033070                malloc_find_free_block
                0x0003309a                malloc_request_space
                0x000330dc                malloc
                0x0003315e                malloc_get_block_ptr
                0x00033166                free
                0x00033178                realloc
                0x000331ce                calloc
 *fill*         0x00033202        0x2 
 .text          0x00033204       0x22 c:/devkitpro/devkit68k/bin/../lib/gcc/m68k-elf/5.2.0/m68000\libgcc.a(_mulsi3.o)
                0x00033204                __mulsi3
                0x00033228                . = ALIGN (0x4)
 *fill*         0x00033226        0x2 
                0x00033228                __CTOR_LIST__ = .
                0x00033228                ___CTOR_LIST__ = .
                0x00033228        0x4 LONG 0x0 (((__CTOR_END__ - __CTOR_LIST__) / 0x4) - 0x2)
 *(.ctors)
                0x0003322c        0x4 LONG 0x0
                0x00033230                __CTOR_END__ = .
                0x00033230                __DTOR_LIST__ = .
                0x00033230                ___DTOR_LIST__ = .
                0x00033230        0x4 LONG 0x0 (((__DTOR_END__ - __DTOR_LIST__) / 0x4) - 0x2)
 *(.dtors)
                0x00033234        0x4 LONG 0x0
                0x00033238                __DTOR_END__ = .
 *(.rodata .rodata.*)
 *(.gcc_except_table)
                0x00033238                . = ALIGN (0x2)
                0x00033238                __INIT_SECTION__ = .
                0x00033238        0x4 LONG 0x4e560000
 *(.init)
                0x0003323c        0x2 SHORT 0x4e5e
                0x0003323e        0x2 SHORT 0x4e75
                0x00033240                __FINI_SECTION__ = .
                0x00033240        0x4 LONG 0x4e560000
 *(.fini)
                0x00033244        0x2 SHORT 0x4e5e
                0x00033246        0x2 SHORT 0x4e75
                0x00033248                _etext = .
 *(.lit)
                0x00013248                _stext = SIZEOF (.text)

.data           0x01001000        0x4 load address 0x00033248
 *(.got.plt)
 *(.got)
 *(.shdata)
 *(.data .data.*)
 .data          0x01001000        0x0 crt0.o
 .data          0x01001000        0x0 pic.o
 .data          0x01001000        0x0 main.o
 .data          0x01001000        0x4 ../ass-rt.o
                0x01001000                heap
 .data          0x01001004        0x0 c:/devkitpro/devkit68k/bin/../lib/gcc/m68k-elf/5.2.0/m68000\libgcc.a(_mulsi3.o)
                0x01001004                _edata = .
                0x00000004                _sdata = SIZEOF (.data)

.bss            0x01001004        0x8 load address 0x0003324c
                0x01001004                . = ALIGN (0x4)
                0x01001004                __bss_start = .
 *(.shbss)
 *(.bss .bss.*)
 .bss           0x01001004        0x0 crt0.o
 .bss           0x01001004        0x0 pic.o
 .bss           0x01001004        0x0 main.o
 .bss           0x01001004        0x4 ../ass-rt.o
                0x01001004                malloc_global_base
 .bss           0x01001008        0x0 c:/devkitpro/devkit68k/bin/../lib/gcc/m68k-elf/5.2.0/m68000\libgcc.a(_mulsi3.o)
 *(COMMON)
 COMMON         0x01001008        0x4 main.o
                0x01001008                interface
                0x01001010                _end = ALIGN (0x8)
                0x01001010                __end = _end
                0x01001010                end = _end
                0x03000000                PROVIDE (__HEAP_START, 0x3000000)

.stab
 *(.stab)

.stabstr
 *(.stabstr)

.eh_frame
 *(.eh_frame)
LOAD crt0.o
LOAD pic.o
LOAD main.o
LOAD ../ass-rt.o
LOAD c:/devkitpro/devkit68k/bin/../lib/gcc/m68k-elf/5.2.0/m68000\libgcc.a
LOAD c:/devkitpro/devkit68k/bin/../lib/gcc/m68k-elf/5.2.0/../../../../m68k-elf/lib/m68000\libc.a
LOAD c:/devkitpro/devkit68k/bin/../lib/gcc/m68k-elf/5.2.0/m68000\libgcc.a
OUTPUT(ranmya.elf elf32-m68k)

.comment        0x00000000       0x2b
 .comment       0x00000000       0x2b main.o
                                 0x2c (size before relaxing)
 .comment       0x0000002b       0x2c ../ass-rt.o

.debug_line     0x00000000       0x77
 .debug_line    0x00000000       0x77 c:/devkitpro/devkit68k/bin/../lib/gcc/m68k-elf/5.2.0/m68000\libgcc.a(_mulsi3.o)

.debug_info     0x00000000       0xae
 .debug_info    0x00000000       0xae c:/devkitpro/devkit68k/bin/../lib/gcc/m68k-elf/5.2.0/m68000\libgcc.a(_mulsi3.o)

.debug_abbrev   0x00000000       0x14
 .debug_abbrev  0x00000000       0x14 c:/devkitpro/devkit68k/bin/../lib/gcc/m68k-elf/5.2.0/m68000\libgcc.a(_mulsi3.o)

.debug_aranges  0x00000000       0x20
 .debug_aranges
                0x00000000       0x20 c:/devkitpro/devkit68k/bin/../lib/gcc/m68k-elf/5.2.0/m68000\libgcc.a(_mulsi3.o)
