Archive member included to satisfy reference by file (symbol)

c:/devkitpro/devkit68k/bin/../lib/gcc/m68k-elf/5.2.0/m68000\libgcc.a(_mulsi3.o)
                              ../ass-rt.o (__mulsi3)
c:/devkitpro/devkit68k/bin/../lib/gcc/m68k-elf/5.2.0/../../../../m68k-elf/lib/m68000\libc.a(lib_a-strcmp.o)
                              main.o (strcmp)
c:/devkitpro/devkit68k/bin/../lib/gcc/m68k-elf/5.2.0/../../../../m68k-elf/lib/m68000\libc.a(lib_a-strncpy.o)
                              main.o (strncpy)
c:/devkitpro/devkit68k/bin/../lib/gcc/m68k-elf/5.2.0/../../../../m68k-elf/lib/m68000\libc.a(lib_a-strrchr.o)
                              main.o (strrchr)
c:/devkitpro/devkit68k/bin/../lib/gcc/m68k-elf/5.2.0/../../../../m68k-elf/lib/m68000\libc.a(lib_a-strchr.o)
                              c:/devkitpro/devkit68k/bin/../lib/gcc/m68k-elf/5.2.0/../../../../m68k-elf/lib/m68000\libc.a(lib_a-strrchr.o) (strchr)

Allocating common symbols
Common symbol       size              file

interface           0x4               main.o

Memory Configuration

Name             Origin             Length             Attributes
rom              0x00020000         0x00400000         xr
ram              0x01001000         0x003f0000         xw
*default*        0x00000000         0xffffffff

Linker script and memory map

                0x00000000                __DYNAMIC = 0x0
                0x06000000                PROVIDE (__stack, 0x6000000)

.text           0x00020000     0x2148
 *(.text .text.*)
 .text          0x00020000       0x54 crt0.o
 .text          0x00020054     0x17b4 main.o
                0x00020054                fputc
                0x000200b2                fputs
                0x00020100                fgetc
                0x000201d6                getdelim
                0x00020352                fgets
                0x000203ce                fread
                0x00020426                fwrite
                0x0002047e                fopen
                0x00020528                fclose
                0x00020580                ListFiles
                0x000208c4                LoadFile
                0x00020978                WaitForKey
                0x000209a8                Populate
                0x00020b36                SelectFile
                0x0002111e                showpic
                0x0002120a                showtext
                0x00021546                showfile
                0x000215da                ScanFiles
                0x00021690                slideshow
                0x000217f6                main
 .text          0x00021808      0x356 ../ass-rt.o
                0x00021808                strcpy_s
                0x0002184e                strcat_s
                0x000218b2                strnlen_s
                0x000218d2                strkitten_s
                0x0002191c                memcpy
                0x0002193a                memset
                0x00021952                memcmp
                0x00021984                sbrk
                0x000219bc                brk
                0x000219cc                malloc_find_free_block
                0x000219f6                malloc_request_space
                0x00021a38                malloc
                0x00021aba                malloc_get_block_ptr
                0x00021ac2                free
                0x00021ad4                realloc
                0x00021b2a                calloc
 *fill*         0x00021b5e        0x2 
 .text          0x00021b60       0x22 c:/devkitpro/devkit68k/bin/../lib/gcc/m68k-elf/5.2.0/m68000\libgcc.a(_mulsi3.o)
                0x00021b60                __mulsi3
 *fill*         0x00021b82        0x2 
 .text          0x00021b84       0x6c c:/devkitpro/devkit68k/bin/../lib/gcc/m68k-elf/5.2.0/../../../../m68k-elf/lib/m68000\libc.a(lib_a-strcmp.o)
                0x00021b84                strcmp
 .text          0x00021bf0       0x8c c:/devkitpro/devkit68k/bin/../lib/gcc/m68k-elf/5.2.0/../../../../m68k-elf/lib/m68000\libc.a(lib_a-strncpy.o)
                0x00021bf0                strncpy
 .text          0x00021c7c       0x5a c:/devkitpro/devkit68k/bin/../lib/gcc/m68k-elf/5.2.0/../../../../m68k-elf/lib/m68000\libc.a(lib_a-strrchr.o)
                0x00021c7c                strrchr
 *fill*         0x00021cd6        0x2 
 .text          0x00021cd8       0xe6 c:/devkitpro/devkit68k/bin/../lib/gcc/m68k-elf/5.2.0/../../../../m68k-elf/lib/m68000\libc.a(lib_a-strchr.o)
                0x00021cd8                strchr
                0x00021dc0                . = ALIGN (0x4)
 *fill*         0x00021dbe        0x2 
                0x00021dc0                __CTOR_LIST__ = .
                0x00021dc0                ___CTOR_LIST__ = .
                0x00021dc0        0x4 LONG 0x0 (((__CTOR_END__ - __CTOR_LIST__) / 0x4) - 0x2)
 *(.ctors)
                0x00021dc4        0x4 LONG 0x0
                0x00021dc8                __CTOR_END__ = .
                0x00021dc8                __DTOR_LIST__ = .
                0x00021dc8                ___DTOR_LIST__ = .
                0x00021dc8        0x4 LONG 0x0 (((__DTOR_END__ - __DTOR_LIST__) / 0x4) - 0x2)
 *(.dtors)
                0x00021dcc        0x4 LONG 0x0
                0x00021dd0                __DTOR_END__ = .
 *(.rodata .rodata.*)
 .rodata        0x00021dd0      0x367 main.o
 *(.gcc_except_table)
                0x00022138                . = ALIGN (0x2)
 *fill*         0x00022137        0x1 
                0x00022138                __INIT_SECTION__ = .
                0x00022138        0x4 LONG 0x4e560000
 *(.init)
                0x0002213c        0x2 SHORT 0x4e5e
                0x0002213e        0x2 SHORT 0x4e75
                0x00022140                __FINI_SECTION__ = .
                0x00022140        0x4 LONG 0x4e560000
 *(.fini)
                0x00022144        0x2 SHORT 0x4e5e
                0x00022146        0x2 SHORT 0x4e75
                0x00022148                _etext = .
 *(.lit)
                0x00002148                _stext = SIZEOF (.text)

.data           0x01001000        0x4 load address 0x00022148
 *(.got.plt)
 *(.got)
 *(.shdata)
 *(.data .data.*)
 .data          0x01001000        0x0 crt0.o
 .data          0x01001000        0x0 main.o
 .data          0x01001000        0x4 ../ass-rt.o
                0x01001000                heap
 .data          0x01001004        0x0 c:/devkitpro/devkit68k/bin/../lib/gcc/m68k-elf/5.2.0/m68000\libgcc.a(_mulsi3.o)
 .data          0x01001004        0x0 c:/devkitpro/devkit68k/bin/../lib/gcc/m68k-elf/5.2.0/../../../../m68k-elf/lib/m68000\libc.a(lib_a-strcmp.o)
 .data          0x01001004        0x0 c:/devkitpro/devkit68k/bin/../lib/gcc/m68k-elf/5.2.0/../../../../m68k-elf/lib/m68000\libc.a(lib_a-strncpy.o)
 .data          0x01001004        0x0 c:/devkitpro/devkit68k/bin/../lib/gcc/m68k-elf/5.2.0/../../../../m68k-elf/lib/m68000\libc.a(lib_a-strrchr.o)
 .data          0x01001004        0x0 c:/devkitpro/devkit68k/bin/../lib/gcc/m68k-elf/5.2.0/../../../../m68k-elf/lib/m68000\libc.a(lib_a-strchr.o)
                0x01001004                _edata = .
                0x00000004                _sdata = SIZEOF (.data)

.bss            0x01001004     0x2024 load address 0x0002214c
                0x01001004                . = ALIGN (0x4)
                0x01001004                __bss_start = .
 *(.shbss)
 *(.bss .bss.*)
 .bss           0x01001004        0x0 crt0.o
 .bss           0x01001004     0x201a main.o
                0x01001004                filenames
                0x01003004                fileCt
 *fill*         0x0100301e        0x2 
 .bss           0x01003020        0x4 ../ass-rt.o
                0x01003020                malloc_global_base
 .bss           0x01003024        0x0 c:/devkitpro/devkit68k/bin/../lib/gcc/m68k-elf/5.2.0/m68000\libgcc.a(_mulsi3.o)
 .bss           0x01003024        0x0 c:/devkitpro/devkit68k/bin/../lib/gcc/m68k-elf/5.2.0/../../../../m68k-elf/lib/m68000\libc.a(lib_a-strcmp.o)
 .bss           0x01003024        0x0 c:/devkitpro/devkit68k/bin/../lib/gcc/m68k-elf/5.2.0/../../../../m68k-elf/lib/m68000\libc.a(lib_a-strncpy.o)
 .bss           0x01003024        0x0 c:/devkitpro/devkit68k/bin/../lib/gcc/m68k-elf/5.2.0/../../../../m68k-elf/lib/m68000\libc.a(lib_a-strrchr.o)
 .bss           0x01003024        0x0 c:/devkitpro/devkit68k/bin/../lib/gcc/m68k-elf/5.2.0/../../../../m68k-elf/lib/m68000\libc.a(lib_a-strchr.o)
 *(COMMON)
 COMMON         0x01003024        0x4 main.o
                0x01003024                interface
                0x01003028                _end = ALIGN (0x8)
                0x01003028                __end = _end
                0x01003028                end = _end
                0x03000000                PROVIDE (__HEAP_START, 0x3000000)

.stab
 *(.stab)

.stabstr
 *(.stabstr)

.eh_frame
 *(.eh_frame)
LOAD crt0.o
LOAD main.o
LOAD ../ass-rt.o
LOAD c:/devkitpro/devkit68k/bin/../lib/gcc/m68k-elf/5.2.0/m68000\libgcc.a
LOAD c:/devkitpro/devkit68k/bin/../lib/gcc/m68k-elf/5.2.0/../../../../m68k-elf/lib/m68000\libc.a
LOAD c:/devkitpro/devkit68k/bin/../lib/gcc/m68k-elf/5.2.0/m68000\libgcc.a
OUTPUT(disktest.elf elf32-m68k)

.comment        0x00000000       0x2b
 .comment       0x00000000       0x2b main.o
                                 0x2c (size before relaxing)
 .comment       0x0000002b       0x2c ../ass-rt.o
 .comment       0x0000002b       0x2c c:/devkitpro/devkit68k/bin/../lib/gcc/m68k-elf/5.2.0/../../../../m68k-elf/lib/m68000\libc.a(lib_a-strcmp.o)
 .comment       0x0000002b       0x2c c:/devkitpro/devkit68k/bin/../lib/gcc/m68k-elf/5.2.0/../../../../m68k-elf/lib/m68000\libc.a(lib_a-strncpy.o)
 .comment       0x0000002b       0x2c c:/devkitpro/devkit68k/bin/../lib/gcc/m68k-elf/5.2.0/../../../../m68k-elf/lib/m68000\libc.a(lib_a-strrchr.o)
 .comment       0x0000002b       0x2c c:/devkitpro/devkit68k/bin/../lib/gcc/m68k-elf/5.2.0/../../../../m68k-elf/lib/m68000\libc.a(lib_a-strchr.o)

.debug_line     0x00000000      0x457
 .debug_line    0x00000000       0x77 c:/devkitpro/devkit68k/bin/../lib/gcc/m68k-elf/5.2.0/m68000\libgcc.a(_mulsi3.o)
 .debug_line    0x00000077       0xe3 c:/devkitpro/devkit68k/bin/../lib/gcc/m68k-elf/5.2.0/../../../../m68k-elf/lib/m68000\libc.a(lib_a-strcmp.o)
 .debug_line    0x0000015a      0x13e c:/devkitpro/devkit68k/bin/../lib/gcc/m68k-elf/5.2.0/../../../../m68k-elf/lib/m68000\libc.a(lib_a-strncpy.o)
 .debug_line    0x00000298       0xce c:/devkitpro/devkit68k/bin/../lib/gcc/m68k-elf/5.2.0/../../../../m68k-elf/lib/m68000\libc.a(lib_a-strrchr.o)
 .debug_line    0x00000366       0xf1 c:/devkitpro/devkit68k/bin/../lib/gcc/m68k-elf/5.2.0/../../../../m68k-elf/lib/m68000\libc.a(lib_a-strchr.o)

.debug_info     0x00000000      0x4ce
 .debug_info    0x00000000       0xae c:/devkitpro/devkit68k/bin/../lib/gcc/m68k-elf/5.2.0/m68000\libgcc.a(_mulsi3.o)
 .debug_info    0x000000ae       0xe0 c:/devkitpro/devkit68k/bin/../lib/gcc/m68k-elf/5.2.0/../../../../m68k-elf/lib/m68000\libc.a(lib_a-strcmp.o)
 .debug_info    0x0000018e      0x135 c:/devkitpro/devkit68k/bin/../lib/gcc/m68k-elf/5.2.0/../../../../m68k-elf/lib/m68000\libc.a(lib_a-strncpy.o)
 .debug_info    0x000002c3       0xf4 c:/devkitpro/devkit68k/bin/../lib/gcc/m68k-elf/5.2.0/../../../../m68k-elf/lib/m68000\libc.a(lib_a-strrchr.o)
 .debug_info    0x000003b7      0x117 c:/devkitpro/devkit68k/bin/../lib/gcc/m68k-elf/5.2.0/../../../../m68k-elf/lib/m68000\libc.a(lib_a-strchr.o)

.debug_abbrev   0x00000000      0x254
 .debug_abbrev  0x00000000       0x14 c:/devkitpro/devkit68k/bin/../lib/gcc/m68k-elf/5.2.0/m68000\libgcc.a(_mulsi3.o)
 .debug_abbrev  0x00000014       0x72 c:/devkitpro/devkit68k/bin/../lib/gcc/m68k-elf/5.2.0/../../../../m68k-elf/lib/m68000\libc.a(lib_a-strcmp.o)
 .debug_abbrev  0x00000086       0xa4 c:/devkitpro/devkit68k/bin/../lib/gcc/m68k-elf/5.2.0/../../../../m68k-elf/lib/m68000\libc.a(lib_a-strncpy.o)
 .debug_abbrev  0x0000012a       0xa9 c:/devkitpro/devkit68k/bin/../lib/gcc/m68k-elf/5.2.0/../../../../m68k-elf/lib/m68000\libc.a(lib_a-strrchr.o)
 .debug_abbrev  0x000001d3       0x81 c:/devkitpro/devkit68k/bin/../lib/gcc/m68k-elf/5.2.0/../../../../m68k-elf/lib/m68000\libc.a(lib_a-strchr.o)

.debug_aranges  0x00000000       0xa0
 .debug_aranges
                0x00000000       0x20 c:/devkitpro/devkit68k/bin/../lib/gcc/m68k-elf/5.2.0/m68000\libgcc.a(_mulsi3.o)
 .debug_aranges
                0x00000020       0x20 c:/devkitpro/devkit68k/bin/../lib/gcc/m68k-elf/5.2.0/../../../../m68k-elf/lib/m68000\libc.a(lib_a-strcmp.o)
 .debug_aranges
                0x00000040       0x20 c:/devkitpro/devkit68k/bin/../lib/gcc/m68k-elf/5.2.0/../../../../m68k-elf/lib/m68000\libc.a(lib_a-strncpy.o)
 .debug_aranges
                0x00000060       0x20 c:/devkitpro/devkit68k/bin/../lib/gcc/m68k-elf/5.2.0/../../../../m68k-elf/lib/m68000\libc.a(lib_a-strrchr.o)
 .debug_aranges
                0x00000080       0x20 c:/devkitpro/devkit68k/bin/../lib/gcc/m68k-elf/5.2.0/../../../../m68k-elf/lib/m68000\libc.a(lib_a-strchr.o)

.debug_loc      0x00000000      0x386
 .debug_loc     0x00000000       0x92 c:/devkitpro/devkit68k/bin/../lib/gcc/m68k-elf/5.2.0/../../../../m68k-elf/lib/m68000\libc.a(lib_a-strcmp.o)
 .debug_loc     0x00000092      0x144 c:/devkitpro/devkit68k/bin/../lib/gcc/m68k-elf/5.2.0/../../../../m68k-elf/lib/m68000\libc.a(lib_a-strncpy.o)
 .debug_loc     0x000001d6       0xc5 c:/devkitpro/devkit68k/bin/../lib/gcc/m68k-elf/5.2.0/../../../../m68k-elf/lib/m68000\libc.a(lib_a-strrchr.o)
 .debug_loc     0x0000029b       0xeb c:/devkitpro/devkit68k/bin/../lib/gcc/m68k-elf/5.2.0/../../../../m68k-elf/lib/m68000\libc.a(lib_a-strchr.o)

.debug_str      0x00000000      0x225
 .debug_str     0x00000000       0xee c:/devkitpro/devkit68k/bin/../lib/gcc/m68k-elf/5.2.0/../../../../m68k-elf/lib/m68000\libc.a(lib_a-strcmp.o)
                                0x127 (size before relaxing)
 .debug_str     0x000000ee       0x80 c:/devkitpro/devkit68k/bin/../lib/gcc/m68k-elf/5.2.0/../../../../m68k-elf/lib/m68000\libc.a(lib_a-strncpy.o)
                                0x158 (size before relaxing)
 .debug_str     0x0000016e       0x5d c:/devkitpro/devkit68k/bin/../lib/gcc/m68k-elf/5.2.0/../../../../m68k-elf/lib/m68000\libc.a(lib_a-strrchr.o)
                                0x135 (size before relaxing)
 .debug_str     0x000001cb       0x5a c:/devkitpro/devkit68k/bin/../lib/gcc/m68k-elf/5.2.0/../../../../m68k-elf/lib/m68000\libc.a(lib_a-strchr.o)
                                0x139 (size before relaxing)

.debug_frame    0x00000000       0xcc
 .debug_frame   0x00000000       0x2c c:/devkitpro/devkit68k/bin/../lib/gcc/m68k-elf/5.2.0/../../../../m68k-elf/lib/m68000\libc.a(lib_a-strcmp.o)
 .debug_frame   0x0000002c       0x38 c:/devkitpro/devkit68k/bin/../lib/gcc/m68k-elf/5.2.0/../../../../m68k-elf/lib/m68000\libc.a(lib_a-strncpy.o)
 .debug_frame   0x00000064       0x34 c:/devkitpro/devkit68k/bin/../lib/gcc/m68k-elf/5.2.0/../../../../m68k-elf/lib/m68000\libc.a(lib_a-strrchr.o)
 .debug_frame   0x00000098       0x34 c:/devkitpro/devkit68k/bin/../lib/gcc/m68k-elf/5.2.0/../../../../m68k-elf/lib/m68000\libc.a(lib_a-strchr.o)
