Archive member included to satisfy reference by file (symbol)

c:/devkitpro/devkit68k/bin/../lib/gcc/m68k-elf/5.2.0/m68000\libgcc.a(_mulsi3.o)
                              main.o (__mulsi3)
c:/devkitpro/devkit68k/bin/../lib/gcc/m68k-elf/5.2.0/../../../../m68k-elf/lib/m68000\libc.a(lib_a-strcmp.o)
                              main.o (strcmp)
c:/devkitpro/devkit68k/bin/../lib/gcc/m68k-elf/5.2.0/../../../../m68k-elf/lib/m68000\libc.a(lib_a-strlen.o)
                              main.o (strlen)
c:/devkitpro/devkit68k/bin/../lib/gcc/m68k-elf/5.2.0/../../../../m68k-elf/lib/m68000\libc.a(lib_a-strtok_r.o)
                              main.o (strtok_r)

Allocating common symbols
Common symbol       size              file

interface           0x4               main.o

Memory Configuration

Name             Origin             Length             Attributes
rom              0x00020000         0x00400000         xr
ram              0x01001000         0x003f0000         xw
*default*        0x00000000         0xffffffff

Linker script and memory map

                0x00000000                __DYNAMIC = 0x0
                0x06000000                PROVIDE (__stack, 0x6000000)

.text           0x00020000     0x1a3c
 *(.text .text.*)
 .text          0x00020000       0x54 crt0.o
 .text          0x00020054     0x11c2 main.o
                0x00020054                WaitForKey
                0x00020074                fputc
                0x000200d2                fputs
                0x00020120                fgetc
                0x00020200                getdelim
                0x0002037a                fgets
                0x000203c6                fread
                0x0002041e                fwrite
                0x00020476                fopen
                0x00020520                fclose
                0x00020578                ListFiles
                0x000208bc                main
                0x00020bae                LoadFile
                0x00020c84                ReadChar
                0x00020cb0                ReadShort
                0x00020cdc                ReadShortLE
                0x00020d20                ReadInt
                0x00020d4a                ReadIntLE
                0x00020db4                UnRLE
                0x00020e58                LoadPCX
 *fill*         0x00021216        0x2 
 .text          0x00021218      0x356 ../ass-rt.o
                0x00021218                strcpy_s
                0x0002125e                strcat_s
                0x000212c2                strnlen_s
                0x000212e2                strkitten_s
                0x0002132c                memcpy
                0x0002134a                memset
                0x00021362                memcmp
                0x00021394                sbrk
                0x000213cc                brk
                0x000213dc                malloc_find_free_block
                0x00021406                malloc_request_space
                0x00021448                malloc
                0x000214ca                malloc_get_block_ptr
                0x000214d2                free
                0x000214e4                realloc
                0x0002153a                calloc
 *fill*         0x0002156e        0x2 
 .text          0x00021570       0x22 c:/devkitpro/devkit68k/bin/../lib/gcc/m68k-elf/5.2.0/m68000\libgcc.a(_mulsi3.o)
                0x00021570                __mulsi3
 *fill*         0x00021592        0x2 
 .text          0x00021594       0x6c c:/devkitpro/devkit68k/bin/../lib/gcc/m68k-elf/5.2.0/../../../../m68k-elf/lib/m68000\libc.a(lib_a-strcmp.o)
                0x00021594                strcmp
 .text          0x00021600       0x1a c:/devkitpro/devkit68k/bin/../lib/gcc/m68k-elf/5.2.0/../../../../m68k-elf/lib/m68000\libc.a(lib_a-strlen.o)
                0x00021600                strlen
 *fill*         0x0002161a        0x2 
 .text          0x0002161c       0xe6 c:/devkitpro/devkit68k/bin/../lib/gcc/m68k-elf/5.2.0/../../../../m68k-elf/lib/m68000\libc.a(lib_a-strtok_r.o)
                0x0002161c                __strtok_r
                0x000216e6                strtok_r
                0x00021704                . = ALIGN (0x4)
 *fill*         0x00021702        0x2 
                0x00021704                __CTOR_LIST__ = .
                0x00021704                ___CTOR_LIST__ = .
                0x00021704        0x4 LONG 0x0 (((__CTOR_END__ - __CTOR_LIST__) / 0x4) - 0x2)
 *(.ctors)
                0x00021708        0x4 LONG 0x0
                0x0002170c                __CTOR_END__ = .
                0x0002170c                __DTOR_LIST__ = .
                0x0002170c                ___DTOR_LIST__ = .
                0x0002170c        0x4 LONG 0x0 (((__DTOR_END__ - __DTOR_LIST__) / 0x4) - 0x2)
 *(.dtors)
                0x00021710        0x4 LONG 0x0
                0x00021714                __DTOR_END__ = .
 *(.rodata .rodata.*)
 .rodata        0x00021714      0x317 main.o
 *(.gcc_except_table)
                0x00021a2c                . = ALIGN (0x2)
 *fill*         0x00021a2b        0x1 
                0x00021a2c                __INIT_SECTION__ = .
                0x00021a2c        0x4 LONG 0x4e560000
 *(.init)
                0x00021a30        0x2 SHORT 0x4e5e
                0x00021a32        0x2 SHORT 0x4e75
                0x00021a34                __FINI_SECTION__ = .
                0x00021a34        0x4 LONG 0x4e560000
 *(.fini)
                0x00021a38        0x2 SHORT 0x4e5e
                0x00021a3a        0x2 SHORT 0x4e75
                0x00021a3c                _etext = .
 *(.lit)
                0x00001a3c                _stext = SIZEOF (.text)

.data           0x01001000        0x4 load address 0x00021a3c
 *(.got.plt)
 *(.got)
 *(.shdata)
 *(.data .data.*)
 .data          0x01001000        0x0 crt0.o
 .data          0x01001000        0x0 main.o
 .data          0x01001000        0x4 ../ass-rt.o
                0x01001000                heap
 .data          0x01001004        0x0 c:/devkitpro/devkit68k/bin/../lib/gcc/m68k-elf/5.2.0/m68000\libgcc.a(_mulsi3.o)
 .data          0x01001004        0x0 c:/devkitpro/devkit68k/bin/../lib/gcc/m68k-elf/5.2.0/../../../../m68k-elf/lib/m68000\libc.a(lib_a-strcmp.o)
 .data          0x01001004        0x0 c:/devkitpro/devkit68k/bin/../lib/gcc/m68k-elf/5.2.0/../../../../m68k-elf/lib/m68000\libc.a(lib_a-strlen.o)
 .data          0x01001004        0x0 c:/devkitpro/devkit68k/bin/../lib/gcc/m68k-elf/5.2.0/../../../../m68k-elf/lib/m68000\libc.a(lib_a-strtok_r.o)
                0x01001004                _edata = .
                0x00000004                _sdata = SIZEOF (.data)

.bss            0x01001004        0x8 load address 0x00021a40
                0x01001004                . = ALIGN (0x4)
                0x01001004                __bss_start = .
 *(.shbss)
 *(.bss .bss.*)
 .bss           0x01001004        0x0 crt0.o
 .bss           0x01001004        0x0 main.o
 .bss           0x01001004        0x4 ../ass-rt.o
                0x01001004                malloc_global_base
 .bss           0x01001008        0x0 c:/devkitpro/devkit68k/bin/../lib/gcc/m68k-elf/5.2.0/m68000\libgcc.a(_mulsi3.o)
 .bss           0x01001008        0x0 c:/devkitpro/devkit68k/bin/../lib/gcc/m68k-elf/5.2.0/../../../../m68k-elf/lib/m68000\libc.a(lib_a-strcmp.o)
 .bss           0x01001008        0x0 c:/devkitpro/devkit68k/bin/../lib/gcc/m68k-elf/5.2.0/../../../../m68k-elf/lib/m68000\libc.a(lib_a-strlen.o)
 .bss           0x01001008        0x0 c:/devkitpro/devkit68k/bin/../lib/gcc/m68k-elf/5.2.0/../../../../m68k-elf/lib/m68000\libc.a(lib_a-strtok_r.o)
 *(COMMON)
 COMMON         0x01001008        0x4 main.o
                0x01001008                interface
                0x01001010                _end = ALIGN (0x8)
                0x01001010                __end = _end
                0x01001010                end = _end
                0x03000000                PROVIDE (__HEAP_START, 0x3000000)

.stab
 *(.stab)

.stabstr
 *(.stabstr)

.eh_frame
 *(.eh_frame)
LOAD crt0.o
LOAD main.o
LOAD ../ass-rt.o
LOAD c:/devkitpro/devkit68k/bin/../lib/gcc/m68k-elf/5.2.0/m68000\libgcc.a
LOAD c:/devkitpro/devkit68k/bin/../lib/gcc/m68k-elf/5.2.0/../../../../m68k-elf/lib/m68000\libc.a
LOAD c:/devkitpro/devkit68k/bin/../lib/gcc/m68k-elf/5.2.0/m68000\libgcc.a
OUTPUT(lab.elf elf32-m68k)

.comment        0x00000000       0x2b
 .comment       0x00000000       0x2b main.o
                                 0x2c (size before relaxing)
 .comment       0x0000002b       0x2c ../ass-rt.o
 .comment       0x0000002b       0x2c c:/devkitpro/devkit68k/bin/../lib/gcc/m68k-elf/5.2.0/../../../../m68k-elf/lib/m68000\libc.a(lib_a-strcmp.o)
 .comment       0x0000002b       0x2c c:/devkitpro/devkit68k/bin/../lib/gcc/m68k-elf/5.2.0/../../../../m68k-elf/lib/m68000\libc.a(lib_a-strlen.o)
 .comment       0x0000002b       0x2c c:/devkitpro/devkit68k/bin/../lib/gcc/m68k-elf/5.2.0/../../../../m68k-elf/lib/m68000\libc.a(lib_a-strtok_r.o)

.debug_line     0x00000000      0x384
 .debug_line    0x00000000       0x77 c:/devkitpro/devkit68k/bin/../lib/gcc/m68k-elf/5.2.0/m68000\libgcc.a(_mulsi3.o)
 .debug_line    0x00000077       0xe3 c:/devkitpro/devkit68k/bin/../lib/gcc/m68k-elf/5.2.0/../../../../m68k-elf/lib/m68000\libc.a(lib_a-strcmp.o)
 .debug_line    0x0000015a      0x123 c:/devkitpro/devkit68k/bin/../lib/gcc/m68k-elf/5.2.0/../../../../m68k-elf/lib/m68000\libc.a(lib_a-strlen.o)
 .debug_line    0x0000027d      0x107 c:/devkitpro/devkit68k/bin/../lib/gcc/m68k-elf/5.2.0/../../../../m68k-elf/lib/m68000\libc.a(lib_a-strtok_r.o)

.debug_info     0x00000000      0x3db
 .debug_info    0x00000000       0xae c:/devkitpro/devkit68k/bin/../lib/gcc/m68k-elf/5.2.0/m68000\libgcc.a(_mulsi3.o)
 .debug_info    0x000000ae       0xe0 c:/devkitpro/devkit68k/bin/../lib/gcc/m68k-elf/5.2.0/../../../../m68k-elf/lib/m68000\libc.a(lib_a-strcmp.o)
 .debug_info    0x0000018e       0xd2 c:/devkitpro/devkit68k/bin/../lib/gcc/m68k-elf/5.2.0/../../../../m68k-elf/lib/m68000\libc.a(lib_a-strlen.o)
 .debug_info    0x00000260      0x17b c:/devkitpro/devkit68k/bin/../lib/gcc/m68k-elf/5.2.0/../../../../m68k-elf/lib/m68000\libc.a(lib_a-strtok_r.o)

.debug_abbrev   0x00000000      0x1cc
 .debug_abbrev  0x00000000       0x14 c:/devkitpro/devkit68k/bin/../lib/gcc/m68k-elf/5.2.0/m68000\libgcc.a(_mulsi3.o)
 .debug_abbrev  0x00000014       0x72 c:/devkitpro/devkit68k/bin/../lib/gcc/m68k-elf/5.2.0/../../../../m68k-elf/lib/m68000\libc.a(lib_a-strcmp.o)
 .debug_abbrev  0x00000086       0x7d c:/devkitpro/devkit68k/bin/../lib/gcc/m68k-elf/5.2.0/../../../../m68k-elf/lib/m68000\libc.a(lib_a-strlen.o)
 .debug_abbrev  0x00000103       0xc9 c:/devkitpro/devkit68k/bin/../lib/gcc/m68k-elf/5.2.0/../../../../m68k-elf/lib/m68000\libc.a(lib_a-strtok_r.o)

.debug_aranges  0x00000000       0x80
 .debug_aranges
                0x00000000       0x20 c:/devkitpro/devkit68k/bin/../lib/gcc/m68k-elf/5.2.0/m68000\libgcc.a(_mulsi3.o)
 .debug_aranges
                0x00000020       0x20 c:/devkitpro/devkit68k/bin/../lib/gcc/m68k-elf/5.2.0/../../../../m68k-elf/lib/m68000\libc.a(lib_a-strcmp.o)
 .debug_aranges
                0x00000040       0x20 c:/devkitpro/devkit68k/bin/../lib/gcc/m68k-elf/5.2.0/../../../../m68k-elf/lib/m68000\libc.a(lib_a-strlen.o)
 .debug_aranges
                0x00000060       0x20 c:/devkitpro/devkit68k/bin/../lib/gcc/m68k-elf/5.2.0/../../../../m68k-elf/lib/m68000\libc.a(lib_a-strtok_r.o)

.debug_loc      0x00000000      0x248
 .debug_loc     0x00000000       0x92 c:/devkitpro/devkit68k/bin/../lib/gcc/m68k-elf/5.2.0/../../../../m68k-elf/lib/m68000\libc.a(lib_a-strcmp.o)
 .debug_loc     0x00000092       0x33 c:/devkitpro/devkit68k/bin/../lib/gcc/m68k-elf/5.2.0/../../../../m68k-elf/lib/m68000\libc.a(lib_a-strlen.o)
 .debug_loc     0x000000c5      0x183 c:/devkitpro/devkit68k/bin/../lib/gcc/m68k-elf/5.2.0/../../../../m68k-elf/lib/m68000\libc.a(lib_a-strtok_r.o)

.debug_str      0x00000000      0x1c3
 .debug_str     0x00000000       0xee c:/devkitpro/devkit68k/bin/../lib/gcc/m68k-elf/5.2.0/../../../../m68k-elf/lib/m68000\libc.a(lib_a-strcmp.o)
                                0x127 (size before relaxing)
 .debug_str     0x000000ee       0x5c c:/devkitpro/devkit68k/bin/../lib/gcc/m68k-elf/5.2.0/../../../../m68k-elf/lib/m68000\libc.a(lib_a-strlen.o)
                                0x134 (size before relaxing)
 .debug_str     0x0000014a       0x79 c:/devkitpro/devkit68k/bin/../lib/gcc/m68k-elf/5.2.0/../../../../m68k-elf/lib/m68000\libc.a(lib_a-strtok_r.o)
                                0x160 (size before relaxing)

.debug_frame    0x00000000       0xa8
 .debug_frame   0x00000000       0x2c c:/devkitpro/devkit68k/bin/../lib/gcc/m68k-elf/5.2.0/../../../../m68k-elf/lib/m68000\libc.a(lib_a-strcmp.o)
 .debug_frame   0x0000002c       0x2c c:/devkitpro/devkit68k/bin/../lib/gcc/m68k-elf/5.2.0/../../../../m68k-elf/lib/m68000\libc.a(lib_a-strlen.o)
 .debug_frame   0x00000058       0x50 c:/devkitpro/devkit68k/bin/../lib/gcc/m68k-elf/5.2.0/../../../../m68k-elf/lib/m68000\libc.a(lib_a-strtok_r.o)
