Archive member included to satisfy reference by file (symbol)

c:/devkitpro/devkit68k/bin/../lib/gcc/m68k-elf/5.2.0/m68000\libgcc.a(_mulsi3.o)
                              ../ass-rt.o (__mulsi3)

Allocating common symbols
Common symbol       size              file

interface           0x4               main.o

Memory Configuration

Name             Origin             Length             Attributes
rom              0x00020000         0x00400000         xr
ram              0x01001000         0x003f0000         xw
*default*        0x00000000         0xffffffff

Linker script and memory map

                0x00000000                __DYNAMIC = 0x0
                0x06000000                PROVIDE (__stack, 0x6000000)

.text           0x00020000      0x650
 *(.text .text.*)
 .text          0x00020000       0x54 crt0.o
 .text          0x00020054      0x24c main.o
                0x00020054                LoadFile
                0x00020108                WaitForKey
                0x00020148                main
 .text          0x000202a0      0x356 ../ass-rt.o
                0x000202a0                strcpy_s
                0x000202e6                strcat_s
                0x0002034a                strnlen_s
                0x0002036a                strkitten_s
                0x000203b4                memcpy
                0x000203d2                memset
                0x000203ea                memcmp
                0x0002041c                sbrk
                0x00020454                brk
                0x00020464                malloc_find_free_block
                0x0002048e                malloc_request_space
                0x000204d0                malloc
                0x00020552                malloc_get_block_ptr
                0x0002055a                free
                0x0002056c                realloc
                0x000205c2                calloc
 *fill*         0x000205f6        0x2 
 .text          0x000205f8       0x22 c:/devkitpro/devkit68k/bin/../lib/gcc/m68k-elf/5.2.0/m68000\libgcc.a(_mulsi3.o)
                0x000205f8                __mulsi3
                0x0002061c                . = ALIGN (0x4)
 *fill*         0x0002061a        0x2 
                0x0002061c                __CTOR_LIST__ = .
                0x0002061c                ___CTOR_LIST__ = .
                0x0002061c        0x4 LONG 0x0 (((__CTOR_END__ - __CTOR_LIST__) / 0x4) - 0x2)
 *(.ctors)
                0x00020620        0x4 LONG 0x0
                0x00020624                __CTOR_END__ = .
                0x00020624                __DTOR_LIST__ = .
                0x00020624                ___DTOR_LIST__ = .
                0x00020624        0x4 LONG 0x0 (((__DTOR_END__ - __DTOR_LIST__) / 0x4) - 0x2)
 *(.dtors)
                0x00020628        0x4 LONG 0x0
                0x0002062c                __DTOR_END__ = .
 *(.rodata .rodata.*)
 .rodata        0x0002062c       0x13 main.o
 *(.gcc_except_table)
                0x00020640                . = ALIGN (0x2)
 *fill*         0x0002063f        0x1 
                0x00020640                __INIT_SECTION__ = .
                0x00020640        0x4 LONG 0x4e560000
 *(.init)
                0x00020644        0x2 SHORT 0x4e5e
                0x00020646        0x2 SHORT 0x4e75
                0x00020648                __FINI_SECTION__ = .
                0x00020648        0x4 LONG 0x4e560000
 *(.fini)
                0x0002064c        0x2 SHORT 0x4e5e
                0x0002064e        0x2 SHORT 0x4e75
                0x00020650                _etext = .
 *(.lit)
                0x00000650                _stext = SIZEOF (.text)

.data           0x01001000        0x4 load address 0x00020650
 *(.got.plt)
 *(.got)
 *(.shdata)
 *(.data .data.*)
 .data          0x01001000        0x0 crt0.o
 .data          0x01001000        0x0 main.o
 .data          0x01001000        0x4 ../ass-rt.o
                0x01001000                heap
 .data          0x01001004        0x0 c:/devkitpro/devkit68k/bin/../lib/gcc/m68k-elf/5.2.0/m68000\libgcc.a(_mulsi3.o)
                0x01001004                _edata = .
                0x00000004                _sdata = SIZEOF (.data)

.bss            0x01001004        0x8 load address 0x00020654
                0x01001004                . = ALIGN (0x4)
                0x01001004                __bss_start = .
 *(.shbss)
 *(.bss .bss.*)
 .bss           0x01001004        0x0 crt0.o
 .bss           0x01001004        0x0 main.o
 .bss           0x01001004        0x4 ../ass-rt.o
                0x01001004                malloc_global_base
 .bss           0x01001008        0x0 c:/devkitpro/devkit68k/bin/../lib/gcc/m68k-elf/5.2.0/m68000\libgcc.a(_mulsi3.o)
 *(COMMON)
 COMMON         0x01001008        0x4 main.o
                0x01001008                interface
                0x01001010                _end = ALIGN (0x8)
                0x01001010                __end = _end
                0x01001010                end = _end
                0x03000000                PROVIDE (__HEAP_START, 0x3000000)

.stab
 *(.stab)

.stabstr
 *(.stabstr)

.eh_frame
 *(.eh_frame)
LOAD crt0.o
LOAD main.o
LOAD ../ass-rt.o
LOAD c:/devkitpro/devkit68k/bin/../lib/gcc/m68k-elf/5.2.0/m68000\libgcc.a
LOAD c:/devkitpro/devkit68k/bin/../lib/gcc/m68k-elf/5.2.0/../../../../m68k-elf/lib/m68000\libc.a
LOAD c:/devkitpro/devkit68k/bin/../lib/gcc/m68k-elf/5.2.0/m68000\libgcc.a
OUTPUT(slideshow.elf elf32-m68k)

.comment        0x00000000       0x2b
 .comment       0x00000000       0x2b main.o
                                 0x2c (size before relaxing)
 .comment       0x0000002b       0x2c ../ass-rt.o

.debug_line     0x00000000       0x77
 .debug_line    0x00000000       0x77 c:/devkitpro/devkit68k/bin/../lib/gcc/m68k-elf/5.2.0/m68000\libgcc.a(_mulsi3.o)

.debug_info     0x00000000       0xae
 .debug_info    0x00000000       0xae c:/devkitpro/devkit68k/bin/../lib/gcc/m68k-elf/5.2.0/m68000\libgcc.a(_mulsi3.o)

.debug_abbrev   0x00000000       0x14
 .debug_abbrev  0x00000000       0x14 c:/devkitpro/devkit68k/bin/../lib/gcc/m68k-elf/5.2.0/m68000\libgcc.a(_mulsi3.o)

.debug_aranges  0x00000000       0x20
 .debug_aranges
                0x00000000       0x20 c:/devkitpro/devkit68k/bin/../lib/gcc/m68k-elf/5.2.0/m68000\libgcc.a(_mulsi3.o)
